Archive member included to satisfy reference by file (symbol)

c:/vsarm/armcc/10 2021.10/bin/../lib/gcc/arm-none-eabi/10.3.1/thumb/v6-m/nofp\libgcc.a(_dvmd_tls.o)
                              CMakeFiles/ESD_FINAL.dir/C_/VSARM/sdk/pico/pico-sdk/src/rp2_common/pico_divider/divider.S.obj (__aeabi_idiv0)
c:/vsarm/armcc/10 2021.10/bin/../lib/gcc/arm-none-eabi/10.3.1/../../../../arm-none-eabi/lib/thumb/v6-m/nofp\libg.a(lib_a-calloc.o)
                              CMakeFiles/ESD_FINAL.dir/C_/VSARM/sdk/pico/pico-sdk/src/rp2_common/pico_malloc/pico_malloc.c.obj (calloc)
c:/vsarm/armcc/10 2021.10/bin/../lib/gcc/arm-none-eabi/10.3.1/../../../../arm-none-eabi/lib/thumb/v6-m/nofp\libg.a(lib_a-callocr.o)
                              c:/vsarm/armcc/10 2021.10/bin/../lib/gcc/arm-none-eabi/10.3.1/../../../../arm-none-eabi/lib/thumb/v6-m/nofp\libg.a(lib_a-calloc.o) (_calloc_r)
c:/vsarm/armcc/10 2021.10/bin/../lib/gcc/arm-none-eabi/10.3.1/../../../../arm-none-eabi/lib/thumb/v6-m/nofp\libg.a(lib_a-errno.o)
                              c:/vsarm/armcc/10 2021.10/bin/../lib/gcc/arm-none-eabi/10.3.1/../../../../arm-none-eabi/lib/thumb/v6-m/nofp\libg.a(lib_a-callocr.o) (__errno)
c:/vsarm/armcc/10 2021.10/bin/../lib/gcc/arm-none-eabi/10.3.1/../../../../arm-none-eabi/lib/thumb/v6-m/nofp\libg.a(lib_a-impure.o)
                              c:/vsarm/armcc/10 2021.10/bin/../lib/gcc/arm-none-eabi/10.3.1/../../../../arm-none-eabi/lib/thumb/v6-m/nofp\libg.a(lib_a-calloc.o) (_impure_ptr)
c:/vsarm/armcc/10 2021.10/bin/../lib/gcc/arm-none-eabi/10.3.1/../../../../arm-none-eabi/lib/thumb/v6-m/nofp\libg.a(lib_a-init.o)
                              c:/vsarm/armcc/10 2021.10/bin/../lib/gcc/arm-none-eabi/10.3.1/../../../../arm-none-eabi/lib/thumb/v6-m/nofp/crt0.o (__libc_init_array)
c:/vsarm/armcc/10 2021.10/bin/../lib/gcc/arm-none-eabi/10.3.1/../../../../arm-none-eabi/lib/thumb/v6-m/nofp\libg.a(lib_a-malloc.o)
                              CMakeFiles/ESD_FINAL.dir/C_/VSARM/sdk/pico/pico-sdk/src/rp2_common/pico_malloc/pico_malloc.c.obj (malloc)
c:/vsarm/armcc/10 2021.10/bin/../lib/gcc/arm-none-eabi/10.3.1/../../../../arm-none-eabi/lib/thumb/v6-m/nofp\libg.a(lib_a-mallocr.o)
                              c:/vsarm/armcc/10 2021.10/bin/../lib/gcc/arm-none-eabi/10.3.1/../../../../arm-none-eabi/lib/thumb/v6-m/nofp\libg.a(lib_a-callocr.o) (_malloc_r)
c:/vsarm/armcc/10 2021.10/bin/../lib/gcc/arm-none-eabi/10.3.1/../../../../arm-none-eabi/lib/thumb/v6-m/nofp\libg.a(lib_a-mlock.o)
                              c:/vsarm/armcc/10 2021.10/bin/../lib/gcc/arm-none-eabi/10.3.1/../../../../arm-none-eabi/lib/thumb/v6-m/nofp\libg.a(lib_a-mallocr.o) (__malloc_lock)
c:/vsarm/armcc/10 2021.10/bin/../lib/gcc/arm-none-eabi/10.3.1/../../../../arm-none-eabi/lib/thumb/v6-m/nofp\libg.a(lib_a-realloc.o)
                              CMakeFiles/ESD_FINAL.dir/C_/VSARM/sdk/pico/pico-sdk/src/rp2_common/pico_malloc/pico_malloc.c.obj (realloc)
c:/vsarm/armcc/10 2021.10/bin/../lib/gcc/arm-none-eabi/10.3.1/../../../../arm-none-eabi/lib/thumb/v6-m/nofp\libg.a(lib_a-reallocr.o)
                              c:/vsarm/armcc/10 2021.10/bin/../lib/gcc/arm-none-eabi/10.3.1/../../../../arm-none-eabi/lib/thumb/v6-m/nofp\libg.a(lib_a-realloc.o) (_realloc_r)
c:/vsarm/armcc/10 2021.10/bin/../lib/gcc/arm-none-eabi/10.3.1/../../../../arm-none-eabi/lib/thumb/v6-m/nofp\libg.a(lib_a-sbrkr.o)
                              c:/vsarm/armcc/10 2021.10/bin/../lib/gcc/arm-none-eabi/10.3.1/../../../../arm-none-eabi/lib/thumb/v6-m/nofp\libg.a(lib_a-mallocr.o) (_sbrk_r)
c:/vsarm/armcc/10 2021.10/bin/../lib/gcc/arm-none-eabi/10.3.1/../../../../arm-none-eabi/lib/thumb/v6-m/nofp\libg.a(lib_a-strcmp.o)
                              CMakeFiles/ESD_FINAL.dir/area.c.obj (strcmp)
c:/vsarm/armcc/10 2021.10/bin/../lib/gcc/arm-none-eabi/10.3.1/../../../../arm-none-eabi/lib/thumb/v6-m/nofp\libg.a(lib_a-strlen-stub.o)
                              CMakeFiles/ESD_FINAL.dir/C_/VSARM/sdk/pico/pico-sdk/src/rp2_common/pico_stdio/stdio.c.obj (strlen)
c:/vsarm/armcc/10 2021.10/bin/../lib/gcc/arm-none-eabi/10.3.1/../../../../arm-none-eabi/lib/thumb/v6-m/nofp\libg.a(lib_a-freer.o)
                              c:/vsarm/armcc/10 2021.10/bin/../lib/gcc/arm-none-eabi/10.3.1/../../../../arm-none-eabi/lib/thumb/v6-m/nofp\libg.a(lib_a-malloc.o) (_free_r)
c:/vsarm/armcc/10 2021.10/bin/../lib/gcc/arm-none-eabi/10.3.1/../../../../arm-none-eabi/lib/thumb/v6-m/nofp\libg.a(lib_a-lock.o)
                              c:/vsarm/armcc/10 2021.10/bin/../lib/gcc/arm-none-eabi/10.3.1/../../../../arm-none-eabi/lib/thumb/v6-m/nofp\libg.a(lib_a-mlock.o) (__retarget_lock_acquire_recursive)
c:/vsarm/armcc/10 2021.10/bin/../lib/gcc/arm-none-eabi/10.3.1/../../../../arm-none-eabi/lib/thumb/v6-m/nofp\libg.a(lib_a-memmove.o)
                              c:/vsarm/armcc/10 2021.10/bin/../lib/gcc/arm-none-eabi/10.3.1/../../../../arm-none-eabi/lib/thumb/v6-m/nofp\libg.a(lib_a-reallocr.o) (memmove)
[...]
Memory Configuration

Name             Origin             Length             Attributes
FLASH            0x10000000         0x00200000         xr
RAM              0x20000000         0x00040000         xrw
SCRATCH_X        0x20040000         0x00001000         xrw
SCRATCH_Y        0x20041000         0x00001000         xrw
*default*        0x00000000         0xffffffff

Linker script and memory map

LOAD c:/vsarm/armcc/10 2021.10/bin/../lib/gcc/arm-none-eabi/10.3.1/thumb/v6-m/nofp/crti.o
LOAD c:/vsarm/armcc/10 2021.10/bin/../lib/gcc/arm-none-eabi/10.3.1/thumb/v6-m/nofp/crtbegin.o
LOAD c:/vsarm/armcc/10 2021.10/bin/../lib/gcc/arm-none-eabi/10.3.1/../../../../arm-none-eabi/lib/thumb/v6-m/nofp/crt0.o

.flash_begin    0x10000000        0x0
                0x10000000                __flash_binary_start = .

.boot2          0x10000000      0x100
                0x10000000                __boot2_start__ = .
 *(.boot2)
 .boot2         0x10000000      0x100 C:\Users\jithe\AppData\Local\Temp\ccsYWsxm.o
                0x10000100                __boot2_end__ = .
                0x00000001                ASSERT (((__boot2_end__ - __boot2_start__) == 0x100), ERROR: Pico second stage bootloader must be 256 bytes in size)

.text           0x10000100     0x7500
                0x10000100                __logical_binary_start = .
 *(.vectors)
 .vectors       0x10000100       0xd4 CMakeFiles/ESD_FINAL.dir/C_/VSARM/sdk/pico/pico-sdk/src/rp2_common/pico_standard_link/crt0.S.obj
                0x10000100                __VECTOR_TABLE
                0x10000100                __vectors
                0x100001c0                isr_invalid
                0x100001c0                __default_isrs_start
                0x100001c2                isr_nmi
                0x100001c4                isr_hardfault
                0x100001c6                isr_svcall
                0x100001c8                isr_pendsv
                0x100001ca                isr_systick
                0x100001cc                isr_irq23
                0x100001cc                isr_irq18
                0x100001cc                isr_irq11
                0x100001cc                isr_irq28
                0x100001cc                isr_irq19
                0x100001cc                isr_irq0
                0x100001cc                isr_irq6
                0x100001cc                isr_irq5
                0x100001cc                isr_irq12
                0x100001cc                isr_irq22
                0x100001cc                isr_irq31
                0x100001cc                isr_irq17
                0x100001cc                isr_irq27
                0x100001cc                isr_irq30
                0x100001cc                isr_irq2
                0x100001cc                isr_irq10
                0x100001cc                isr_irq8
                0x100001cc                isr_irq24
                0x100001cc                isr_irq1
                0x100001cc                isr_irq7
                0x100001cc                isr_irq21
                0x100001cc                isr_irq20
                0x100001cc                isr_irq15
                0x100001cc                isr_irq25
                0x100001cc                isr_irq13
                0x100001cc                __unhandled_user_irq
                0x100001cc                isr_irq4
                0x100001cc                isr_irq16
                0x100001cc                isr_irq29
                0x100001cc                isr_irq26
                0x100001cc                __default_isrs_end
                0x100001cc                isr_irq3
                0x100001cc                isr_irq14
                0x100001cc                isr_irq9
                0x100001d2                unhandled_user_irq_num_in_r0
 *(.binary_info_header)
 .binary_info_header
                0x100001d4       0x14 CMakeFiles/ESD_FINAL.dir/C_/VSARM/sdk/pico/pico-sdk/src/rp2_common/pico_standard_link/crt0.S.obj
                0x100001e8                __binary_info_header_end = .
 *(.reset)
 .reset         0x100001e8       0xa0 CMakeFiles/ESD_FINAL.dir/C_/VSARM/sdk/pico/pico-sdk/src/rp2_common/pico_standard_link/crt0.S.obj
                0x100001e8                _entry_point
 .reset         0x10000288       0x30 CMakeFiles/ESD_FINAL.dir/C_/VSARM/sdk/pico/pico-sdk/src/rp2_common/pico_standard_link/binary_info.c.obj
 *(.init)
 .init          0x100002b8        0x4 c:/vsarm/armcc/10 2021.10/bin/../lib/gcc/arm-none-eabi/10.3.1/thumb/v6-m/nofp/crti.o
                0x100002b8                _init
 *(EXCLUDE_FILE(*libm.a: *libc.a:*lib_a-mem*.o *libgcc.a:) .text*)
 .text          0x100002bc       0x48 c:/vsarm/armcc/10 2021.10/bin/../lib/gcc/arm-none-eabi/10.3.1/thumb/v6-m/nofp/crtbegin.o
 .text.main     0x10000304       0x38 CMakeFiles/ESD_FINAL.dir/main.c.obj
                0x10000304                main
 .text.reg_read
                0x1000033c       0x3e CMakeFiles/ESD_FINAL.dir/i2c_code.c.obj
                0x1000033c                reg_read
 *fill*         0x1000037a        0x2 
 .text.I2C_Module_Init
                0x1000037c       0x38 CMakeFiles/ESD_FINAL.dir/i2c_code.c.obj
                0x1000037c                I2C_Module_Init
 .text.read_lidar
                0x100003b4       0x38 CMakeFiles/ESD_FINAL.dir/lidar.c.obj
                0x100003b4                read_lidar
 .text.SPI_Module_Init_BIT_BANGING
                0x100003ec       0x3c CMakeFiles/ESD_FINAL.dir/spi_code.c.obj
                0x100003ec                SPI_Module_Init_BIT_BANGING
 .text.SPI_send_byte
                0x10000428       0x74 CMakeFiles/ESD_FINAL.dir/spi_code.c.obj
                0x10000428                SPI_send_byte
 .text.SPI_WriteCommand
                0x1000049c       0x18 CMakeFiles/ESD_FINAL.dir/spi_code.c.obj
                0x1000049c                SPI_WriteCommand
 .text.SPI_WriteData
                0x100004b4       0x18 CMakeFiles/ESD_FINAL.dir/spi_code.c.obj
                0x100004b4                SPI_WriteData
 .text.OLED_Reset
                0x100004cc       0x24 CMakeFiles/ESD_FINAL.dir/oled.c.obj
 .text.OLED_init
                0x100004f0       0xd4 CMakeFiles/ESD_FINAL.dir/oled.c.obj
                0x100004f0                OLED_init
 .text.OLED_Clear
                0x100005c4       0x3a CMakeFiles/ESD_FINAL.dir/oled.c.obj
                0x100005c4                OLED_Clear
 .text.reverse  0x100005fe       0x2a CMakeFiles/ESD_FINAL.dir/oled.c.obj
                0x100005fe                reverse
 .text.OLED_Display
                0x10000628       0x44 CMakeFiles/ESD_FINAL.dir/oled.c.obj
                0x10000628                OLED_Display
 .text.Paint_SelectImage
                0x1000066c        0xc CMakeFiles/ESD_FINAL.dir/oled.c.obj
                0x1000066c                Paint_SelectImage
 .text.Paint_SetPixel
                0x10000678      0x188 CMakeFiles/ESD_FINAL.dir/oled.c.obj
                0x10000678                Paint_SetPixel
 .text.Paint_DrawChar
                0x10000800       0xf4 CMakeFiles/ESD_FINAL.dir/oled.c.obj
                0x10000800                Paint_DrawChar
 .text.Paint_DrawString_EN
                0x100008f4       0x94 CMakeFiles/ESD_FINAL.dir/oled.c.obj
                0x100008f4                Paint_DrawString_EN
 .text.Paint_SetScale
                0x10000988       0x80 CMakeFiles/ESD_FINAL.dir/oled.c.obj
                0x10000988                Paint_SetScale
 .text.Paint_NewImage
                0x10000a08       0x4c CMakeFiles/ESD_FINAL.dir/oled.c.obj
                0x10000a08                Paint_NewImage
 .text.Paint_Clear
                0x10000a54       0xb8 CMakeFiles/ESD_FINAL.dir/oled.c.obj
                0x10000a54                Paint_Clear
 .text.Paint_DrawNum
                0x10000b0c      0x18c CMakeFiles/ESD_FINAL.dir/oled.c.obj
                0x10000b0c                Paint_DrawNum
 .text.menu     0x10000c98      0x114 CMakeFiles/ESD_FINAL.dir/menu.c.obj
                0x10000c98                menu
 .text.move_cursor
                0x10000dac       0x90 CMakeFiles/ESD_FINAL.dir/menu.c.obj
                0x10000dac                move_cursor
 .text.move_cursor_irr_menu
                0x10000e3c       0x90 CMakeFiles/ESD_FINAL.dir/menu.c.obj
                0x10000e3c                move_cursor_irr_menu
 .text.irr_menu
                0x10000ecc      0x10c CMakeFiles/ESD_FINAL.dir/menu.c.obj
                0x10000ecc                irr_menu
 .text.capture_distance
                0x10000fd8      0x1c4 CMakeFiles/ESD_FINAL.dir/area.c.obj
                0x10000fd8                capture_distance
 .text.calculate_distance
                0x1000119c       0x58 CMakeFiles/ESD_FINAL.dir/area.c.obj
                0x1000119c                calculate_distance
 .text.calculate_area_circle
                0x100011f4       0x84 CMakeFiles/ESD_FINAL.dir/area.c.obj
                0x100011f4                calculate_area_circle
 .text.calculate_area_rectangle
                0x10001278       0x94 CMakeFiles/ESD_FINAL.dir/area.c.obj
                0x10001278                calculate_area_rectangle
 .text.calculate_area_triangle
                0x1000130c      0x12c CMakeFiles/ESD_FINAL.dir/area.c.obj
                0x1000130c                calculate_area_triangle
 .text.calculate_area_shape1
                0x10001438       0xc0 CMakeFiles/ESD_FINAL.dir/area.c.obj
                0x10001438                calculate_area_shape1
 .text.calculate_area_shape2
                0x100014f8       0xc0 CMakeFiles/ESD_FINAL.dir/area.c.obj
                0x100014f8                calculate_area_shape2
 .text.calculate_area_shape3
                0x100015b8       0xf8 CMakeFiles/ESD_FINAL.dir/area.c.obj
                0x100015b8                calculate_area_shape3
 .text.calculate_area_shape4
                0x100016b0      0x118 CMakeFiles/ESD_FINAL.dir/area.c.obj
                0x100016b0                calculate_area_shape4
 .text.calculate_area_shape5
                0x100017c8       0xac CMakeFiles/ESD_FINAL.dir/area.c.obj
                0x100017c8                calculate_area_shape5
 .text.calculate_area_irr_shape
                0x10001874       0x98 CMakeFiles/ESD_FINAL.dir/area.c.obj
                0x10001874                calculate_area_irr_shape
 .text.calculate_area_Irregular
                0x1000190c       0x7c CMakeFiles/ESD_FINAL.dir/area.c.obj
                0x1000190c                calculate_area_Irregular
 .text.calculate_area
                0x10001988       0x98 CMakeFiles/ESD_FINAL.dir/area.c.obj
                0x10001988                calculate_area
 .text.Button_Init
                0x10001a20       0x4c CMakeFiles/ESD_FINAL.dir/button.c.obj
                0x10001a20                Button_Init
 .text.user_interface
                0x10001a6c      0x234 CMakeFiles/ESD_FINAL.dir/user_interface.c.obj
                0x10001a6c                user_interface
 .text.resetMPU6050
                0x10001ca0       0x1a CMakeFiles/ESD_FINAL.dir/mpu6050.c.obj
                0x10001ca0                resetMPU6050
 .text.readAccelData
                0x10001cba       0x48 CMakeFiles/ESD_FINAL.dir/mpu6050.c.obj
                0x10001cba                readAccelData
 *fill*         0x10001d02        0x2 
 .text.calculate_tilt_angle
                0x10001d04       0x28 CMakeFiles/ESD_FINAL.dir/mpu6050.c.obj
                0x10001d04                calculate_tilt_angle
 .text.read_tilt_angle
                0x10001d2c       0x5c CMakeFiles/ESD_FINAL.dir/mpu6050.c.obj
                0x10001d2c                read_tilt_angle
 .text.gpio_set_function
                0x10001d88       0x30 CMakeFiles/ESD_FINAL.dir/C_/VSARM/sdk/pico/pico-sdk/src/rp2_common/hardware_gpio/gpio.c.obj
                0x10001d88                gpio_set_function
 .text.gpio_init
                0x10001db8       0x16 CMakeFiles/ESD_FINAL.dir/C_/VSARM/sdk/pico/pico-sdk/src/rp2_common/hardware_gpio/gpio.c.obj
                0x10001db8                gpio_init
 *fill*         0x10001dce        0x2 
 .text.running_on_fpga
                0x10001dd0       0x14 CMakeFiles/ESD_FINAL.dir/C_/VSARM/sdk/pico/pico-sdk/src/rp2_common/pico_platform/platform.c.obj
                0x10001dd0                running_on_fpga
 .text.hw_claim_lock
                0x10001de4       0x18 CMakeFiles/ESD_FINAL.dir/C_/VSARM/sdk/pico/pico-sdk/src/rp2_common/hardware_claim/claim.c.obj
                0x10001de4                hw_claim_lock
 .text.hw_claim_unlock
                0x10001dfc       0x14 CMakeFiles/ESD_FINAL.dir/C_/VSARM/sdk/pico/pico-sdk/src/rp2_common/hardware_claim/claim.c.obj
                0x10001dfc                hw_claim_unlock
 .text.hw_claim_or_assert
                0x10001e10       0x32 CMakeFiles/ESD_FINAL.dir/C_/VSARM/sdk/pico/pico-sdk/src/rp2_common/hardware_claim/claim.c.obj
                0x10001e10                hw_claim_or_assert
 *fill*         0x10001e42        0x2 
 .text.spin_locks_reset
                0x10001e44       0x20 CMakeFiles/ESD_FINAL.dir/C_/VSARM/sdk/pico/pico-sdk/src/rp2_common/hardware_sync/sync.c.obj
                0x10001e44                spin_locks_reset
 .text.next_striped_spin_lock_num
                0x10001e64       0x1c CMakeFiles/ESD_FINAL.dir/C_/VSARM/sdk/pico/pico-sdk/src/rp2_common/hardware_sync/sync.c.obj
                0x10001e64                next_striped_spin_lock_num
 .text.set_raw_irq_handler_and_unlock
                0x10001e80       0x28 CMakeFiles/ESD_FINAL.dir/C_/VSARM/sdk/pico/pico-sdk/src/rp2_common/hardware_irq/irq.c.obj
 .text.make_branch
                0x10001ea8       0x48 CMakeFiles/ESD_FINAL.dir/C_/VSARM/sdk/pico/pico-sdk/src/rp2_common/hardware_irq/irq.c.obj
 .text.insert_branch_and_link
                0x10001ef0       0x40 CMakeFiles/ESD_FINAL.dir/C_/VSARM/sdk/pico/pico-sdk/src/rp2_common/hardware_irq/irq.c.obj
 .text.irq_is_enabled
                0x10001f30       0x18 CMakeFiles/ESD_FINAL.dir/C_/VSARM/sdk/pico/pico-sdk/src/rp2_common/hardware_irq/irq.c.obj
                0x10001f30                irq_is_enabled
 .text.irq_set_mask_enabled
                0x10001f48       0x20 CMakeFiles/ESD_FINAL.dir/C_/VSARM/sdk/pico/pico-sdk/src/rp2_common/hardware_irq/irq.c.obj
                0x10001f48                irq_set_mask_enabled
 .text.irq_set_enabled
                0x10001f68        0xe CMakeFiles/ESD_FINAL.dir/C_/VSARM/sdk/pico/pico-sdk/src/rp2_common/hardware_irq/irq.c.obj
                0x10001f68                irq_set_enabled
 *fill*         0x10001f76        0x2 
 .text.irq_get_vtable_handler
                0x10001f78       0x10 CMakeFiles/ESD_FINAL.dir/C_/VSARM/sdk/pico/pico-sdk/src/rp2_common/hardware_irq/irq.c.obj
                0x10001f78                irq_get_vtable_handler
 .text.irq_set_exclusive_handler
                0x10001f88       0x54 CMakeFiles/ESD_FINAL.dir/C_/VSARM/sdk/pico/pico-sdk/src/rp2_common/hardware_irq/irq.c.obj
                0x10001f88                irq_set_exclusive_handler
 .text.irq_remove_handler
                0x10001fdc      0x1ac CMakeFiles/ESD_FINAL.dir/C_/VSARM/sdk/pico/pico-sdk/src/rp2_common/hardware_irq/irq.c.obj
                0x10001fdc                irq_remove_handler
 .text.irq_add_tail_to_free_list
                0x10002188       0xf0 CMakeFiles/ESD_FINAL.dir/C_/VSARM/sdk/pico/pico-sdk/src/rp2_common/hardware_irq/irq.c.obj
                0x10002188                irq_add_tail_to_free_list
 .text.irq_init_priorities
                0x10002278       0x1c CMakeFiles/ESD_FINAL.dir/C_/VSARM/sdk/pico/pico-sdk/src/rp2_common/hardware_irq/irq.c.obj
                0x10002278                irq_init_priorities
 .text.lock_init
                0x10002294       0x10 CMakeFiles/ESD_FINAL.dir/C_/VSARM/sdk/pico/pico-sdk/src/common/pico_sync/lock_core.c.obj
                0x10002294                lock_init
 .text.mutex_init
                0x100022a4       0x1a CMakeFiles/ESD_FINAL.dir/C_/VSARM/sdk/pico/pico-sdk/src/common/pico_sync/mutex.c.obj
                0x100022a4                mutex_init
 .text.recursive_mutex_init
                0x100022be       0x1e CMakeFiles/ESD_FINAL.dir/C_/VSARM/sdk/pico/pico-sdk/src/common/pico_sync/mutex.c.obj
                0x100022be                recursive_mutex_init
 .text.alarm_pool_post_alloc_init
                0x100022dc       0x40 CMakeFiles/ESD_FINAL.dir/C_/VSARM/sdk/pico/pico-sdk/src/common/pico_time/time.c.obj
 .text.sleep_until_callback
                0x1000231c       0x30 CMakeFiles/ESD_FINAL.dir/C_/VSARM/sdk/pico/pico-sdk/src/common/pico_time/time.c.obj
 .text.timer_pool_entry_comparator
                0x1000234c       0x7c CMakeFiles/ESD_FINAL.dir/C_/VSARM/sdk/pico/pico-sdk/src/common/pico_time/time.c.obj
                0x1000234c                timer_pool_entry_comparator
 .text.ph_add_child_node
                0x100023c8       0xa4 CMakeFiles/ESD_FINAL.dir/C_/VSARM/sdk/pico/pico-sdk/src/common/pico_time/time.c.obj
 .text.ph_merge_nodes
                0x1000246c       0x3e CMakeFiles/ESD_FINAL.dir/C_/VSARM/sdk/pico/pico-sdk/src/common/pico_time/time.c.obj
 *fill*         0x100024aa        0x2 
 .text.add_alarm_under_lock
                0x100024ac      0x174 CMakeFiles/ESD_FINAL.dir/C_/VSARM/sdk/pico/pico-sdk/src/common/pico_time/time.c.obj
 .text.alarm_pool_alarm_callback
                0x10002620      0x33c CMakeFiles/ESD_FINAL.dir/C_/VSARM/sdk/pico/pico-sdk/src/common/pico_time/time.c.obj
 .text.alarm_pool_init_default
                0x1000295c       0x40 CMakeFiles/ESD_FINAL.dir/C_/VSARM/sdk/pico/pico-sdk/src/common/pico_time/time.c.obj
                0x1000295c                alarm_pool_init_default
 .text.alarm_pool_get_default
                0x1000299c       0x2c CMakeFiles/ESD_FINAL.dir/C_/VSARM/sdk/pico/pico-sdk/src/common/pico_time/time.c.obj
                0x1000299c                alarm_pool_get_default
 .text.alarm_pool_add_alarm_at
                0x100029c8      0x168 CMakeFiles/ESD_FINAL.dir/C_/VSARM/sdk/pico/pico-sdk/src/common/pico_time/time.c.obj
                0x100029c8                alarm_pool_add_alarm_at
 .text.alarm_pool_cancel_alarm
                0x10002b30       0xf8 CMakeFiles/ESD_FINAL.dir/C_/VSARM/sdk/pico/pico-sdk/src/common/pico_time/time.c.obj
                0x10002b30                alarm_pool_cancel_alarm
 .text.sleep_until
                0x10002c28       0xfc CMakeFiles/ESD_FINAL.dir/C_/VSARM/sdk/pico/pico-sdk/src/common/pico_time/time.c.obj
                0x10002c28                sleep_until
 .text.sleep_us
                0x10002d24       0x58 CMakeFiles/ESD_FINAL.dir/C_/VSARM/sdk/pico/pico-sdk/src/common/pico_time/time.c.obj
                0x10002d24                sleep_us
 .text.sleep_ms
                0x10002d7c       0x14 CMakeFiles/ESD_FINAL.dir/C_/VSARM/sdk/pico/pico-sdk/src/common/pico_time/time.c.obj
                0x10002d7c                sleep_ms
 .text.best_effort_wfe_or_timeout
                0x10002d90       0xac CMakeFiles/ESD_FINAL.dir/C_/VSARM/sdk/pico/pico-sdk/src/common/pico_time/time.c.obj
                0x10002d90                best_effort_wfe_or_timeout
 .text.hardware_alarm_irq_handler
                0x10002e3c       0x90 CMakeFiles/ESD_FINAL.dir/C_/VSARM/sdk/pico/pico-sdk/src/rp2_common/hardware_timer/timer.c.obj
 .text.hardware_alarm_claim
                0x10002ecc       0x18 CMakeFiles/ESD_FINAL.dir/C_/VSARM/sdk/pico/pico-sdk/src/rp2_common/hardware_timer/timer.c.obj
                0x10002ecc                hardware_alarm_claim
 .text.time_us_64
                0x10002ee4       0x18 CMakeFiles/ESD_FINAL.dir/C_/VSARM/sdk/pico/pico-sdk/src/rp2_common/hardware_timer/timer.c.obj
                0x10002ee4                time_us_64
 .text.busy_wait_until
                0x10002efc       0x28 CMakeFiles/ESD_FINAL.dir/C_/VSARM/sdk/pico/pico-sdk/src/rp2_common/hardware_timer/timer.c.obj
                0x10002efc                busy_wait_until
 .text.busy_wait_us
                0x10002f24       0x48 CMakeFiles/ESD_FINAL.dir/C_/VSARM/sdk/pico/pico-sdk/src/rp2_common/hardware_timer/timer.c.obj
                0x10002f24                busy_wait_us
 .text.hardware_alarm_set_callback
                0x10002f6c       0x90 CMakeFiles/ESD_FINAL.dir/C_/VSARM/sdk/pico/pico-sdk/src/rp2_common/hardware_timer/timer.c.obj
                0x10002f6c                hardware_alarm_set_callback
 .text.hardware_alarm_set_target
                0x10002ffc       0xe8 CMakeFiles/ESD_FINAL.dir/C_/VSARM/sdk/pico/pico-sdk/src/rp2_common/hardware_timer/timer.c.obj
                0x10002ffc                hardware_alarm_set_target
 .text.hardware_alarm_cancel
                0x100030e4       0x40 CMakeFiles/ESD_FINAL.dir/C_/VSARM/sdk/pico/pico-sdk/src/rp2_common/hardware_timer/timer.c.obj
                0x100030e4                hardware_alarm_cancel
 .text.ph_add_child_node
                0x10003124       0xa4 CMakeFiles/ESD_FINAL.dir/C_/VSARM/sdk/pico/pico-sdk/src/common/pico_util/pheap.c.obj
 .text.ph_merge_nodes
                0x100031c8       0x3e CMakeFiles/ESD_FINAL.dir/C_/VSARM/sdk/pico/pico-sdk/src/common/pico_util/pheap.c.obj
 *fill*         0x10003206        0x2 
 .text.ph_clear
                0x10003208       0x70 CMakeFiles/ESD_FINAL.dir/C_/VSARM/sdk/pico/pico-sdk/src/common/pico_util/pheap.c.obj
                0x10003208                ph_clear
 .text.ph_post_alloc_init
                0x10003278        0xe CMakeFiles/ESD_FINAL.dir/C_/VSARM/sdk/pico/pico-sdk/src/common/pico_util/pheap.c.obj
                0x10003278                ph_post_alloc_init
 *fill*         0x10003286        0x2 
 .text.ph_merge_two_pass
                0x10003288       0xa8 CMakeFiles/ESD_FINAL.dir/C_/VSARM/sdk/pico/pico-sdk/src/common/pico_util/pheap.c.obj
                0x10003288                ph_merge_two_pass
 .text.ph_remove_any_head
                0x10003330      0x128 CMakeFiles/ESD_FINAL.dir/C_/VSARM/sdk/pico/pico-sdk/src/common/pico_util/pheap.c.obj
 .text.ph_remove_head
                0x10003458       0x14 CMakeFiles/ESD_FINAL.dir/C_/VSARM/sdk/pico/pico-sdk/src/common/pico_util/pheap.c.obj
                0x10003458                ph_remove_head
 .text.ph_remove_and_free_node
                0x1000346c       0xf8 CMakeFiles/ESD_FINAL.dir/C_/VSARM/sdk/pico/pico-sdk/src/common/pico_util/pheap.c.obj
                0x1000346c                ph_remove_and_free_node
 .text.uart_disable_before_lcr_write
                0x10003564       0x48 CMakeFiles/ESD_FINAL.dir/C_/VSARM/sdk/pico/pico-sdk/src/rp2_common/hardware_uart/uart.c.obj
 .text.uart_write_lcr_bits_masked
                0x100035ac       0x22 CMakeFiles/ESD_FINAL.dir/C_/VSARM/sdk/pico/pico-sdk/src/rp2_common/hardware_uart/uart.c.obj
 *fill*         0x100035ce        0x2 
 .text.uart_set_baudrate
                0x100035d0       0x5c CMakeFiles/ESD_FINAL.dir/C_/VSARM/sdk/pico/pico-sdk/src/rp2_common/hardware_uart/uart.c.obj
                0x100035d0                uart_set_baudrate
 .text.uart_set_format
                0x1000362c       0x2c CMakeFiles/ESD_FINAL.dir/C_/VSARM/sdk/pico/pico-sdk/src/rp2_common/hardware_uart/uart.c.obj
                0x1000362c                uart_set_format
 .text.uart_set_translate_crlf
                0x10003658       0x28 CMakeFiles/ESD_FINAL.dir/C_/VSARM/sdk/pico/pico-sdk/src/rp2_common/hardware_uart/uart.c.obj
                0x10003658                uart_set_translate_crlf
 .text.uart_init
                0x10003680       0x80 CMakeFiles/ESD_FINAL.dir/C_/VSARM/sdk/pico/pico-sdk/src/rp2_common/hardware_uart/uart.c.obj
                0x10003680                uart_init
 .text.clock_configure
                0x10003700      0x108 CMakeFiles/ESD_FINAL.dir/C_/VSARM/sdk/pico/pico-sdk/src/rp2_common/hardware_clocks/clocks.c.obj
                0x10003700                clock_configure
 .text.clocks_init
                0x10003808      0x100 CMakeFiles/ESD_FINAL.dir/C_/VSARM/sdk/pico/pico-sdk/src/rp2_common/hardware_clocks/clocks.c.obj
                0x10003808                clocks_init
 .text.clock_get_hz
                0x10003908        0xc CMakeFiles/ESD_FINAL.dir/C_/VSARM/sdk/pico/pico-sdk/src/rp2_common/hardware_clocks/clocks.c.obj
                0x10003908                clock_get_hz
 .text.pll_init
                0x10003914      0x120 CMakeFiles/ESD_FINAL.dir/C_/VSARM/sdk/pico/pico-sdk/src/rp2_common/hardware_pll/pll.c.obj
                0x10003914                pll_init
 .text.watchdog_start_tick
                0x10003a34       0x10 CMakeFiles/ESD_FINAL.dir/C_/VSARM/sdk/pico/pico-sdk/src/rp2_common/hardware_watchdog/watchdog.c.obj
                0x10003a34                watchdog_start_tick
 .text.xosc_init
                0x10003a44       0x28 CMakeFiles/ESD_FINAL.dir/C_/VSARM/sdk/pico/pico-sdk/src/rp2_common/hardware_xosc/xosc.c.obj
                0x10003a44                xosc_init
 .text._exit    0x10003a6c        0x4 CMakeFiles/ESD_FINAL.dir/C_/VSARM/sdk/pico/pico-sdk/src/rp2_common/pico_runtime/runtime.c.obj
                0x10003a6c                _exit
 .text._sbrk    0x10003a70       0x38 CMakeFiles/ESD_FINAL.dir/C_/VSARM/sdk/pico/pico-sdk/src/rp2_common/pico_runtime/runtime.c.obj
                0x10003a70                _sbrk
 .text.exit     0x10003aa8        0x6 CMakeFiles/ESD_FINAL.dir/C_/VSARM/sdk/pico/pico-sdk/src/rp2_common/pico_runtime/runtime.c.obj
                0x10003aa8                exit
 *fill*         0x10003aae        0x2 
 .text.__assert_func
                0x10003ab0       0x3c CMakeFiles/ESD_FINAL.dir/C_/VSARM/sdk/pico/pico-sdk/src/rp2_common/pico_runtime/runtime.c.obj
                0x10003ab0                __assert_func
 .text.runtime_init
                0x10003aec       0xf8 CMakeFiles/ESD_FINAL.dir/C_/VSARM/sdk/pico/pico-sdk/src/rp2_common/pico_runtime/runtime.c.obj
                0x10003aec                runtime_init
 .text.panic    0x10003be4       0x30 CMakeFiles/ESD_FINAL.dir/C_/VSARM/sdk/pico/pico-sdk/src/rp2_common/pico_runtime/runtime.c.obj
                0x10003be4                panic
 .text._out_null
                0x10003c14        0x2 CMakeFiles/ESD_FINAL.dir/C_/VSARM/sdk/pico/pico-sdk/src/rp2_common/pico_printf/printf.c.obj
 .text._out_fct
                0x10003c16        0xe CMakeFiles/ESD_FINAL.dir/C_/VSARM/sdk/pico/pico-sdk/src/rp2_common/pico_printf/printf.c.obj
 .text._atoi    0x10003c24       0x24 CMakeFiles/ESD_FINAL.dir/C_/VSARM/sdk/pico/pico-sdk/src/rp2_common/pico_printf/printf.c.obj
 .text._out_rev
                0x10003c48       0xae CMakeFiles/ESD_FINAL.dir/C_/VSARM/sdk/pico/pico-sdk/src/rp2_common/pico_printf/printf.c.obj
 .text._ntoa_format
                0x10003cf6      0x112 CMakeFiles/ESD_FINAL.dir/C_/VSARM/sdk/pico/pico-sdk/src/rp2_common/pico_printf/printf.c.obj
 .text._ntoa_long
                0x10003e08       0xbc CMakeFiles/ESD_FINAL.dir/C_/VSARM/sdk/pico/pico-sdk/src/rp2_common/pico_printf/printf.c.obj
 .text._ntoa_long_long
                0x10003ec4       0xe2 CMakeFiles/ESD_FINAL.dir/C_/VSARM/sdk/pico/pico-sdk/src/rp2_common/pico_printf/printf.c.obj
 *fill*         0x10003fa6        0x2 
 .text._etoa    0x10003fa8      0x414 CMakeFiles/ESD_FINAL.dir/C_/VSARM/sdk/pico/pico-sdk/src/rp2_common/pico_printf/printf.c.obj
 .text._ftoa    0x100043bc      0x354 CMakeFiles/ESD_FINAL.dir/C_/VSARM/sdk/pico/pico-sdk/src/rp2_common/pico_printf/printf.c.obj
 .text._vsnprintf
                0x10004710      0x624 CMakeFiles/ESD_FINAL.dir/C_/VSARM/sdk/pico/pico-sdk/src/rp2_common/pico_printf/printf.c.obj
 .text.vfctprintf
                0x10004d34       0x20 CMakeFiles/ESD_FINAL.dir/C_/VSARM/sdk/pico/pico-sdk/src/rp2_common/pico_printf/printf.c.obj
                0x10004d34                vfctprintf
 .text          0x10004d54       0x10 CMakeFiles/ESD_FINAL.dir/C_/VSARM/sdk/pico/pico-sdk/src/rp2_common/pico_bit_ops/bit_ops_aeabi.S.obj
 .text.rom_func_lookup
                0x10004d64       0x10 CMakeFiles/ESD_FINAL.dir/C_/VSARM/sdk/pico/pico-sdk/src/rp2_common/pico_bootrom/bootrom.c.obj
                0x10004d64                rom_func_lookup
 .text.rom_data_lookup
                0x10004d74       0x10 CMakeFiles/ESD_FINAL.dir/C_/VSARM/sdk/pico/pico-sdk/src/rp2_common/pico_bootrom/bootrom.c.obj
                0x10004d74                rom_data_lookup
 .text.rom_funcs_lookup
                0x10004d84       0x36 CMakeFiles/ESD_FINAL.dir/C_/VSARM/sdk/pico/pico-sdk/src/rp2_common/pico_bootrom/bootrom.c.obj
                0x10004d84                rom_funcs_lookup
 *fill*         0x10004dba        0x2 
 .text.__wrap___aeabi_idiv
                0x10004dbc       0x50 CMakeFiles/ESD_FINAL.dir/C_/VSARM/sdk/pico/pico-sdk/src/rp2_common/pico_divider/divider.S.obj
                0x10004dbc                __wrap___aeabi_idivmod
                0x10004dbc                divmod_s32s32
                0x10004dbc                div_s32s32
                0x10004dbc                __wrap___aeabi_idiv
                0x10004dc4                divmod_s32s32_unsafe
                0x10004df0                divmod_s32s32_savestate
 .text.__wrap___aeabi_uidiv
                0x10004e0c       0x4c CMakeFiles/ESD_FINAL.dir/C_/VSARM/sdk/pico/pico-sdk/src/rp2_common/pico_divider/divider.S.obj
                0x10004e0c                __wrap___aeabi_uidiv
                0x10004e0c                __wrap___aeabi_uidivmod
                0x10004e0c                div_u32u32
                0x10004e0c                divmod_u32u32
                0x10004e14                divmod_u32u32_unsafe
                0x10004e3c                divmod_u32u32_savestate
 .text.__wrap___aeabi_ldiv
                0x10004e58      0x424 CMakeFiles/ESD_FINAL.dir/C_/VSARM/sdk/pico/pico-sdk/src/rp2_common/pico_divider/divider.S.obj
                0x10004e58                div_s64s64
                0x10004e58                divmod_s64s64
                0x10004e58                __wrap___aeabi_ldivmod
                0x10004e88                divmod_u64u64
                0x10004e88                div_u64u64
                0x10004e88                __wrap___aeabi_uldivmod
                0x10004e98                divmod_u64u64_savestate
                0x10004eb8                divmod_s64s64_unsafe
                0x10004f40                divmod_u64u64_unsafe
 .text.push_r8_r11
                0x1000527c        0xc CMakeFiles/ESD_FINAL.dir/C_/VSARM/sdk/pico/pico-sdk/src/rp2_common/pico_double/double_aeabi.S.obj
                0x1000527c                push_r8_r11
 .text.pop_r8_r11
                0x10005288        0xc CMakeFiles/ESD_FINAL.dir/C_/VSARM/sdk/pico/pico-sdk/src/rp2_common/pico_double/double_aeabi.S.obj
                0x10005288                pop_r8_r11
 .text.__wrap___aeabi_darithmetic
                0x10005294       0x80 CMakeFiles/ESD_FINAL.dir/C_/VSARM/sdk/pico/pico-sdk/src/rp2_common/pico_double/double_aeabi.S.obj
                0x10005294                __wrap___aeabi_drsub
                0x1000529a                __wrap___aeabi_dsub
                0x100052ac                __wrap___aeabi_dadd
                0x100052be                __wrap___aeabi_ddiv
                0x100052fa                __wrap___aeabi_dmul
 .text.__wrap___aeabi_cdcmple
                0x10005314       0x6c CMakeFiles/ESD_FINAL.dir/C_/VSARM/sdk/pico/pico-sdk/src/rp2_common/pico_double/double_aeabi.S.obj
                0x10005314                __wrap___aeabi_cdrcmple
                0x10005324                __wrap___aeabi_cdcmpeq
                0x10005324                __wrap___aeabi_cdcmple
 .text.__wrap___aeabi_dcmplt
                0x10005380        0xc CMakeFiles/ESD_FINAL.dir/C_/VSARM/sdk/pico/pico-sdk/src/rp2_common/pico_double/double_aeabi.S.obj
                0x10005380                __wrap___aeabi_dcmplt
 .text.__wrap___aeabi_dcmple
                0x1000538c       0x10 CMakeFiles/ESD_FINAL.dir/C_/VSARM/sdk/pico/pico-sdk/src/rp2_common/pico_double/double_aeabi.S.obj
                0x1000538c                __wrap___aeabi_dcmple
 .text.__wrap___aeabi_dcmpge
                0x1000539c       0x10 CMakeFiles/ESD_FINAL.dir/C_/VSARM/sdk/pico/pico-sdk/src/rp2_common/pico_double/double_aeabi.S.obj
                0x1000539c                __wrap___aeabi_dcmpge
 .text.__wrap___aeabi_dcmpgt
                0x100053ac        0xa CMakeFiles/ESD_FINAL.dir/C_/VSARM/sdk/pico/pico-sdk/src/rp2_common/pico_double/double_aeabi.S.obj
                0x100053ac                __wrap___aeabi_dcmpgt
 .text.__wrap___aeabi_dcmpun
                0x100053b6       0x1c CMakeFiles/ESD_FINAL.dir/C_/VSARM/sdk/pico/pico-sdk/src/rp2_common/pico_double/double_aeabi.S.obj
                0x100053b6                __wrap___aeabi_dcmpun
 *fill*         0x100053d2        0x2 
 .text.__wrap___aeabi_i2d
                0x100053d4       0x38 CMakeFiles/ESD_FINAL.dir/C_/VSARM/sdk/pico/pico-sdk/src/rp2_common/pico_double/double_aeabi.S.obj
                0x100053d4                __wrap___aeabi_ui2d
                0x100053dc                __wrap___aeabi_i2d
 .text.__wrap___aeabi_d2iz
                0x1000540c       0x48 CMakeFiles/ESD_FINAL.dir/C_/VSARM/sdk/pico/pico-sdk/src/rp2_common/pico_double/double_aeabi.S.obj
                0x1000540c                double2int_z
                0x1000540c                __wrap___aeabi_d2iz
 .text.__wrap___aeabi_d2uiz
                0x10005454       0x18 CMakeFiles/ESD_FINAL.dir/C_/VSARM/sdk/pico/pico-sdk/src/rp2_common/pico_double/double_aeabi.S.obj
                0x10005454                __wrap___aeabi_d2uiz
                0x10005454                double2uint
 .text.__wrap___aeabi_d2f
                0x1000546c       0x18 CMakeFiles/ESD_FINAL.dir/C_/VSARM/sdk/pico/pico-sdk/src/rp2_common/pico_double/double_aeabi.S.obj
                0x1000546c                __wrap___aeabi_d2f
 .text.__wrap_srqt
                0x10005484       0x18 CMakeFiles/ESD_FINAL.dir/C_/VSARM/sdk/pico/pico-sdk/src/rp2_common/pico_double/double_aeabi.S.obj
                0x10005484                __wrap_sqrt
 .text.__wrap_atan2
                0x1000549c       0x18 CMakeFiles/ESD_FINAL.dir/C_/VSARM/sdk/pico/pico-sdk/src/rp2_common/pico_double/double_aeabi.S.obj
                0x1000549c                __wrap_atan2
 .text.__aeabi_double_init
                0x100054b4       0xc8 CMakeFiles/ESD_FINAL.dir/C_/VSARM/sdk/pico/pico-sdk/src/rp2_common/pico_double/double_init_rom.c.obj
                0x100054b4                __aeabi_double_init
 .text.double_table_shim_on_use_helper
                0x1000557c       0x34 CMakeFiles/ESD_FINAL.dir/C_/VSARM/sdk/pico/pico-sdk/src/rp2_common/pico_double/double_v1_rom_shim.S.obj
                0x1000557c                double_table_shim_on_use_helper
 .text.__wrap___aeabi_dsub
                0x100055b0       0x10 CMakeFiles/ESD_FINAL.dir/C_/VSARM/sdk/pico/pico-sdk/src/rp2_common/pico_double/double_v1_rom_shim.S.obj
                0x100055b0                drsub_shim
                0x100055b6                dsub_shim
 .text.dadd_shim
                0x100055c0      0x15c CMakeFiles/ESD_FINAL.dir/C_/VSARM/sdk/pico/pico-sdk/src/rp2_common/pico_double/double_v1_rom_shim.S.obj
                0x100055c0                dadd_shim
 .text.dmul_shim
                0x1000571c      0x15c CMakeFiles/ESD_FINAL.dir/C_/VSARM/sdk/pico/pico-sdk/src/rp2_common/pico_double/double_v1_rom_shim.S.obj
                0x1000571c                dmul_shim
 .text.ddiv_shim
                0x10005878      0x1b0 CMakeFiles/ESD_FINAL.dir/C_/VSARM/sdk/pico/pico-sdk/src/rp2_common/pico_double/double_v1_rom_shim.S.obj
                0x10005878                ddiv_shim
 .text.dsqrt_shim
                0x10005a28      0x1a8 CMakeFiles/ESD_FINAL.dir/C_/VSARM/sdk/pico/pico-sdk/src/rp2_common/pico_double/double_v1_rom_shim.S.obj
                0x10005a44                dsqrt_shim
 .text.dcordic_vec_step
                0x10005bd0        0xe CMakeFiles/ESD_FINAL.dir/C_/VSARM/sdk/pico/pico-sdk/src/rp2_common/pico_double/double_v1_rom_shim.S.obj
                0x10005bd0                dcordic_vec_step
 .text.dcordic_rot_step
                0x10005bde       0x76 CMakeFiles/ESD_FINAL.dir/C_/VSARM/sdk/pico/pico-sdk/src/rp2_common/pico_double/double_v1_rom_shim.S.obj
                0x10005bde                dcordic_rot_step
 .text.double2uint_shim
                0x10005c54        0xe CMakeFiles/ESD_FINAL.dir/C_/VSARM/sdk/pico/pico-sdk/src/rp2_common/pico_double/double_v1_rom_shim.S.obj
                0x10005c54                double2uint_shim
                0x10005c56                double2ufix_shim
 .text.double2int64_shim
                0x10005c62       0x1a CMakeFiles/ESD_FINAL.dir/C_/VSARM/sdk/pico/pico-sdk/src/rp2_common/pico_double/double_v1_rom_shim.S.obj
                0x10005c62                double2int64_shim
                0x10005c64                double2fix64_shim
 .text.double2uint64_shim
                0x10005c7c       0x70 CMakeFiles/ESD_FINAL.dir/C_/VSARM/sdk/pico/pico-sdk/src/rp2_common/pico_double/double_v1_rom_shim.S.obj
                0x10005c7c                double2uint64_shim
                0x10005c7e                double2ufix64_shim
                0x10005c9e                d2fix_a
 .text.double2float_shim
                0x10005cec       0x5c CMakeFiles/ESD_FINAL.dir/C_/VSARM/sdk/pico/pico-sdk/src/rp2_common/pico_double/double_v1_rom_shim.S.obj
                0x10005cec                double2float_shim
 .text.x2double_shims
                0x10005d48       0x90 CMakeFiles/ESD_FINAL.dir/C_/VSARM/sdk/pico/pico-sdk/src/rp2_common/pico_double/double_v1_rom_shim.S.obj
                0x10005d48                uint2double_shim
                0x10005d4a                ufix2double_shim
                0x10005d50                int2double_shim
                0x10005d52                fix2double_shim
                0x10005d58                uint642double_shim
                0x10005d5a                ufix642double_shim
                0x10005d60                int642double_shim
                0x10005d62                fix642double_shim
 .text.dunpacks
                0x10005dd8       0x3c CMakeFiles/ESD_FINAL.dir/C_/VSARM/sdk/pico/pico-sdk/src/rp2_common/pico_double/double_v1_rom_shim.S.obj
                0x10005dd8                dunpacks
 .text.dreduce  0x10005e14       0x82 CMakeFiles/ESD_FINAL.dir/C_/VSARM/sdk/pico/pico-sdk/src/rp2_common/pico_double/double_v1_rom_shim.S.obj
                0x10005e14                dreduce
 *fill*         0x10005e96        0x2 
 .text.dtrig_guts
                0x10005e98      0x2ec CMakeFiles/ESD_FINAL.dir/C_/VSARM/sdk/pico/pico-sdk/src/rp2_common/pico_double/double_v1_rom_shim.S.obj
                0x10005f70                datan2_shim
 .text.__aeabi_lmul
                0x10006184       0x32 CMakeFiles/ESD_FINAL.dir/C_/VSARM/sdk/pico/pico-sdk/src/rp2_common/pico_int64_ops/pico_int64_ops_aeabi.S.obj
                0x10006184                __wrap___aeabi_lmul
 *fill*         0x100061b6        0x2 
 .text.__wrap___aeabi_farithmetic
                0x100061b8       0x58 CMakeFiles/ESD_FINAL.dir/C_/VSARM/sdk/pico/pico-sdk/src/rp2_common/pico_float/float_aeabi.S.obj
                0x100061b8                __wrap___aeabi_frsub
                0x100061be                __wrap___aeabi_fsub
                0x100061c8                __wrap___aeabi_fadd
                0x100061d2                __wrap___aeabi_fdiv
                0x100061fe                __wrap___aeabi_fmul
 .text.__wrap___aeabi_f2iz
                0x10006210       0x4e CMakeFiles/ESD_FINAL.dir/C_/VSARM/sdk/pico/pico-sdk/src/rp2_common/pico_float/float_aeabi.S.obj
                0x10006210                float2int_z
                0x10006210                __wrap___aeabi_f2iz
 *fill*         0x1000625e        0x2 
 .text.float2int
                0x10006260       0x14 CMakeFiles/ESD_FINAL.dir/C_/VSARM/sdk/pico/pico-sdk/src/rp2_common/pico_float/float_aeabi.S.obj
                0x10006260                float2int
 .text.__wrap___aeabi_f2uiz
                0x10006274       0x10 CMakeFiles/ESD_FINAL.dir/C_/VSARM/sdk/pico/pico-sdk/src/rp2_common/pico_float/float_aeabi.S.obj
                0x10006274                __wrap___aeabi_f2uiz
 .text.__aeabi_float_init
                0x10006284       0xfc CMakeFiles/ESD_FINAL.dir/C_/VSARM/sdk/pico/pico-sdk/src/rp2_common/pico_float/float_init_rom.c.obj
                0x10006284                __aeabi_float_init
 .text.float_table_shim_on_use_helper
                0x10006380       0x34 CMakeFiles/ESD_FINAL.dir/C_/VSARM/sdk/pico/pico-sdk/src/rp2_common/pico_float/float_v1_rom_shim.S.obj
                0x10006380                float_table_shim_on_use_helper
 .text.float232_shims
                0x100063b4       0x18 CMakeFiles/ESD_FINAL.dir/C_/VSARM/sdk/pico/pico-sdk/src/rp2_common/pico_float/float_v1_rom_shim.S.obj
                0x100063b4                float2int_shim
                0x100063b6                float2fix_shim
 .text.__wrap_malloc
                0x100063cc       0x24 CMakeFiles/ESD_FINAL.dir/C_/VSARM/sdk/pico/pico-sdk/src/rp2_common/pico_malloc/pico_malloc.c.obj
                0x100063cc                __wrap_malloc
 .text          0x100063f0       0x10 CMakeFiles/ESD_FINAL.dir/C_/VSARM/sdk/pico/pico-sdk/src/rp2_common/pico_mem_ops/mem_ops_aeabi.S.obj
                0x100063f0                __aeabi_mem_init
 .text.memset   0x10006400        0xc CMakeFiles/ESD_FINAL.dir/C_/VSARM/sdk/pico/pico-sdk/src/rp2_common/pico_mem_ops/mem_ops_aeabi.S.obj
                0x10006400                __wrap_memset
 .text.memcpy   0x1000640c        0xc CMakeFiles/ESD_FINAL.dir/C_/VSARM/sdk/pico/pico-sdk/src/rp2_common/pico_mem_ops/mem_ops_aeabi.S.obj
                0x1000640c                __wrap_memcpy
                0x1000640c                __wrap___aeabi_memcpy
 .text.stdio_out_chars_no_crlf
                0x10006418        0xe CMakeFiles/ESD_FINAL.dir/C_/VSARM/sdk/pico/pico-sdk/src/rp2_common/pico_stdio/stdio.c.obj
 *fill*         0x10006426        0x2 
 .text.stdio_out_chars_crlf
                0x10006428       0x80 CMakeFiles/ESD_FINAL.dir/C_/VSARM/sdk/pico/pico-sdk/src/rp2_common/pico_stdio/stdio.c.obj
 .text.stdio_stack_buffer_flush
                0x100064a8       0x44 CMakeFiles/ESD_FINAL.dir/C_/VSARM/sdk/pico/pico-sdk/src/rp2_common/pico_stdio/stdio.c.obj
 .text.stdio_buffered_printer
                0x100064ec       0x20 CMakeFiles/ESD_FINAL.dir/C_/VSARM/sdk/pico/pico-sdk/src/rp2_common/pico_stdio/stdio.c.obj
 .text.stdout_serialize_begin
                0x1000650c       0x5c CMakeFiles/ESD_FINAL.dir/C_/VSARM/sdk/pico/pico-sdk/src/rp2_common/pico_stdio/stdio.c.obj
                0x1000650c                stdout_serialize_begin
 .text.stdout_serialize_end
                0x10006568       0x10 CMakeFiles/ESD_FINAL.dir/C_/VSARM/sdk/pico/pico-sdk/src/rp2_common/pico_stdio/stdio.c.obj
                0x10006568                stdout_serialize_end
 .text.stdio_put_string
                0x10006578       0x98 CMakeFiles/ESD_FINAL.dir/C_/VSARM/sdk/pico/pico-sdk/src/rp2_common/pico_stdio/stdio.c.obj
 .text.stdio_set_driver_enabled
                0x10006610       0x2c CMakeFiles/ESD_FINAL.dir/C_/VSARM/sdk/pico/pico-sdk/src/rp2_common/pico_stdio/stdio.c.obj
                0x10006610                stdio_set_driver_enabled
 .text.stdio_flush
                0x1000663c       0x20 CMakeFiles/ESD_FINAL.dir/C_/VSARM/sdk/pico/pico-sdk/src/rp2_common/pico_stdio/stdio.c.obj
                0x1000663c                stdio_flush
 .text.__wrap_puts
                0x1000665c       0x1e CMakeFiles/ESD_FINAL.dir/C_/VSARM/sdk/pico/pico-sdk/src/rp2_common/pico_stdio/stdio.c.obj
                0x1000665c                __wrap_puts
 *fill*         0x1000667a        0x2 
 .text.__wrap_vprintf
                0x1000667c       0x40 CMakeFiles/ESD_FINAL.dir/C_/VSARM/sdk/pico/pico-sdk/src/rp2_common/pico_stdio/stdio.c.obj
                0x1000667c                __wrap_vprintf
 .text.__wrap_printf
                0x100066bc       0x18 CMakeFiles/ESD_FINAL.dir/C_/VSARM/sdk/pico/pico-sdk/src/rp2_common/pico_stdio/stdio.c.obj
                0x100066bc                __wrap_printf
 .text.stdio_init_all
                0x100066d4        0xa CMakeFiles/ESD_FINAL.dir/C_/VSARM/sdk/pico/pico-sdk/src/rp2_common/pico_stdio/stdio.c.obj
                0x100066d4                stdio_init_all
 *fill*         0x100066de        0x2 
 .text.stdio_uart_out_chars
                0x100066e0       0x74 CMakeFiles/ESD_FINAL.dir/C_/VSARM/sdk/pico/pico-sdk/src/rp2_common/pico_stdio_uart/stdio_uart.c.obj
 .text.stdio_uart_in_chars
                0x10006754       0x80 CMakeFiles/ESD_FINAL.dir/C_/VSARM/sdk/pico/pico-sdk/src/rp2_common/pico_stdio_uart/stdio_uart.c.obj
                0x10006754                stdio_uart_in_chars
 .text.on_uart_rx
                0x100067d4       0x28 CMakeFiles/ESD_FINAL.dir/C_/VSARM/sdk/pico/pico-sdk/src/rp2_common/pico_stdio_uart/stdio_uart.c.obj
 .text.stdio_uart_set_chars_available_callback
                0x100067fc       0x8c CMakeFiles/ESD_FINAL.dir/C_/VSARM/sdk/pico/pico-sdk/src/rp2_common/pico_stdio_uart/stdio_uart.c.obj
 .text.stdio_uart_init_full
                0x10006888       0x44 CMakeFiles/ESD_FINAL.dir/C_/VSARM/sdk/pico/pico-sdk/src/rp2_common/pico_stdio_uart/stdio_uart.c.obj
                0x10006888                stdio_uart_init_full
 .text.stdio_uart_init
                0x100068cc       0x28 CMakeFiles/ESD_FINAL.dir/C_/VSARM/sdk/pico/pico-sdk/src/rp2_common/pico_stdio_uart/stdio_uart.c.obj
                0x100068cc                stdio_uart_init
 .text.i2c_write_blocking_internal
                0x100068f4      0x140 CMakeFiles/ESD_FINAL.dir/C_/VSARM/sdk/pico/pico-sdk/src/rp2_common/hardware_i2c/i2c.c.obj
 .text.i2c_read_blocking_internal
                0x10006a34       0xe6 CMakeFiles/ESD_FINAL.dir/C_/VSARM/sdk/pico/pico-sdk/src/rp2_common/hardware_i2c/i2c.c.obj
 *fill*         0x10006b1a        0x2 
 .text.i2c_set_baudrate
                0x10006b1c       0xf0 CMakeFiles/ESD_FINAL.dir/C_/VSARM/sdk/pico/pico-sdk/src/rp2_common/hardware_i2c/i2c.c.obj
                0x10006b1c                i2c_set_baudrate
 .text.i2c_init
                0x10006c0c       0x58 CMakeFiles/ESD_FINAL.dir/C_/VSARM/sdk/pico/pico-sdk/src/rp2_common/hardware_i2c/i2c.c.obj
                0x10006c0c                i2c_init
 .text.i2c_write_blocking
                0x10006c64       0x18 CMakeFiles/ESD_FINAL.dir/C_/VSARM/sdk/pico/pico-sdk/src/rp2_common/hardware_i2c/i2c.c.obj
                0x10006c64                i2c_write_blocking
 .text.i2c_read_blocking
                0x10006c7c       0x18 CMakeFiles/ESD_FINAL.dir/C_/VSARM/sdk/pico/pico-sdk/src/rp2_common/hardware_i2c/i2c.c.obj
                0x10006c7c                i2c_read_blocking
 .text.malloc   0x10006c94       0x14 c:/vsarm/armcc/10 2021.10/bin/../lib/gcc/arm-none-eabi/10.3.1/../../../../arm-none-eabi/lib/thumb/v6-m/nofp\libg.a(lib_a-malloc.o)
                0x10006c94                malloc
 .text._malloc_r
                0x10006ca8      0x584 c:/vsarm/armcc/10 2021.10/bin/../lib/gcc/arm-none-eabi/10.3.1/../../../../arm-none-eabi/lib/thumb/v6-m/nofp\libg.a(lib_a-mallocr.o)
                0x10006ca8                _malloc_r
 .text.__malloc_lock
                0x1000722c       0x10 c:/vsarm/armcc/10 2021.10/bin/../lib/gcc/arm-none-eabi/10.3.1/../../../../arm-none-eabi/lib/thumb/v6-m/nofp\libg.a(lib_a-mlock.o)
                0x1000722c                __malloc_lock
 .text.__malloc_unlock
                0x1000723c       0x10 c:/vsarm/armcc/10 2021.10/bin/../lib/gcc/arm-none-eabi/10.3.1/../../../../arm-none-eabi/lib/thumb/v6-m/nofp\libg.a(lib_a-mlock.o)
                0x1000723c                __malloc_unlock
 .text._sbrk_r  0x1000724c       0x24 c:/vsarm/armcc/10 2021.10/bin/../lib/gcc/arm-none-eabi/10.3.1/../../../../arm-none-eabi/lib/thumb/v6-m/nofp\libg.a(lib_a-sbrkr.o)
                0x1000724c                _sbrk_r
 .text          0x10007270       0x88 c:/vsarm/armcc/10 2021.10/bin/../lib/gcc/arm-none-eabi/10.3.1/../../../../arm-none-eabi/lib/thumb/v6-m/nofp\libg.a(lib_a-strcmp.o)
                0x10007270                strcmp
 .text.strlen   0x100072f8       0x5c c:/vsarm/armcc/10 2021.10/bin/../lib/gcc/arm-none-eabi/10.3.1/../../../../arm-none-eabi/lib/thumb/v6-m/nofp\libg.a(lib_a-strlen-stub.o)
                0x100072f8                strlen
 .text._malloc_trim_r
                0x10007354       0x9c c:/vsarm/armcc/10 2021.10/bin/../lib/gcc/arm-none-eabi/10.3.1/../../../../arm-none-eabi/lib/thumb/v6-m/nofp\libg.a(lib_a-freer.o)
                0x10007354                _malloc_trim_r
 .text._free_r  0x100073f0      0x1c4 c:/vsarm/armcc/10 2021.10/bin/../lib/gcc/arm-none-eabi/10.3.1/../../../../arm-none-eabi/lib/thumb/v6-m/nofp\libg.a(lib_a-freer.o)
                0x100073f0                _free_r
 .text.__retarget_lock_acquire_recursive
                0x100075b4        0x4 c:/vsarm/armcc/10 2021.10/bin/../lib/gcc/arm-none-eabi/10.3.1/../../../../arm-none-eabi/lib/thumb/v6-m/nofp\libg.a(lib_a-lock.o)
                0x100075b4                __retarget_lock_acquire_recursive
 .text.__retarget_lock_release_recursive
                0x100075b8        0x4 c:/vsarm/armcc/10 2021.10/bin/../lib/gcc/arm-none-eabi/10.3.1/../../../../arm-none-eabi/lib/thumb/v6-m/nofp\libg.a(lib_a-lock.o)
                0x100075b8                __retarget_lock_release_recursive
 *(.fini)
 .fini          0x100075bc        0x4 c:/vsarm/armcc/10 2021.10/bin/../lib/gcc/arm-none-eabi/10.3.1/thumb/v6-m/nofp/crti.o
                0x100075bc                _fini
 .fini.__stub   0x100075c0       0x40 linker stubs
 *crtbegin.o(.ctors)
 *crtbegin?.o(.ctors)
 *(EXCLUDE_FILE(*crtend.o *crtend?.o) .ctors)
 *(SORT_BY_NAME(.ctors.*))
 *(.ctors)
 *crtbegin.o(.dtors)
 *crtbegin?.o(.dtors)
 *(EXCLUDE_FILE(*crtend.o *crtend?.o) .dtors)
 *(SORT_BY_NAME(.dtors.*))
 *(.dtors)
 *(.eh_frame*)
 .eh_frame      0x10007600        0x0 c:/vsarm/armcc/10 2021.10/bin/../lib/gcc/arm-none-eabi/10.3.1/thumb/v6-m/nofp/crtbegin.o
                0x10007600                . = ALIGN (0x4)

.glue_7         0x10007600        0x0
 .glue_7        0x10007600        0x0 linker stubs

.glue_7t        0x10007600        0x0
 .glue_7t       0x10007600        0x0 linker stubs

.vfp11_veneer   0x10007600        0x0
 .vfp11_veneer  0x10007600        0x0 linker stubs

.v4_bx          0x10007600        0x0
 .v4_bx         0x10007600        0x0 linker stubs

.iplt           0x10007600        0x0
 .iplt          0x10007600        0x0 c:/vsarm/armcc/10 2021.10/bin/../lib/gcc/arm-none-eabi/10.3.1/thumb/v6-m/nofp/crtbegin.o

.rodata         0x10007600     0x2714
 *(EXCLUDE_FILE(*libm.a: *libc.a:*lib_a-mem*.o *libgcc.a:) .rodata*)
 .rodata.main.str1.4
                0x10007600       0x3a CMakeFiles/ESD_FINAL.dir/main.c.obj
 *fill*         0x1000763a        0x2 
 .rodata.read_lidar.str1.4
                0x1000763c        0xf CMakeFiles/ESD_FINAL.dir/lidar.c.obj
 *fill*         0x1000764b        0x1 
 .rodata.Paint_SetPixel.str1.4
                0x1000764c       0x1e CMakeFiles/ESD_FINAL.dir/oled.c.obj
 *fill*         0x1000766a        0x2 
 .rodata.Paint_DrawChar.str1.4
                0x1000766c       0x37 CMakeFiles/ESD_FINAL.dir/oled.c.obj
 *fill*         0x100076a3        0x1 
 .rodata.Paint_DrawString_EN.str1.4
                0x100076a4       0x3c CMakeFiles/ESD_FINAL.dir/oled.c.obj
 .rodata.Paint_SetScale.str1.4
                0x100076e0       0x43 CMakeFiles/ESD_FINAL.dir/oled.c.obj
 *fill*         0x10007723        0x1 
 .rodata.Paint_DrawNum.str1.4
                0x10007724       0x35 CMakeFiles/ESD_FINAL.dir/oled.c.obj
 *fill*         0x10007759        0x3 
 .rodata.Font12_Table
                0x1000775c      0x474 CMakeFiles/ESD_FINAL.dir/fonts.c.obj
                0x1000775c                Font12_Table
 .rodata.Font16_Table
                0x10007bd0      0xbe0 CMakeFiles/ESD_FINAL.dir/fonts.c.obj
                0x10007bd0                Font16_Table
 .rodata.Font8_Table
                0x100087b0      0x2f8 CMakeFiles/ESD_FINAL.dir/fonts.c.obj
                0x100087b0                Font8_Table
 .rodata.menu.str1.4
                0x10008aa8       0x59 CMakeFiles/ESD_FINAL.dir/menu.c.obj
 .rodata.move_cursor.str1.4
                0x10008b01       0x59 CMakeFiles/ESD_FINAL.dir/menu.c.obj
                                  0x2 (size before relaxing)
 *fill*         0x10008b01        0x3 
 .rodata.capture_distance.str1.4
                0x10008b04       0x68 CMakeFiles/ESD_FINAL.dir/area.c.obj
 .rodata.calculate_distance.str1.4
                0x10008b6c       0x13 CMakeFiles/ESD_FINAL.dir/area.c.obj
 *fill*         0x10008b7f        0x1 
 .rodata.calculate_area_circle.str1.4
                0x10008b80       0x13 CMakeFiles/ESD_FINAL.dir/area.c.obj
 *fill*         0x10008b93        0x1 
 .rodata.calculate_area_rectangle.str1.4
                0x10008b94       0x21 CMakeFiles/ESD_FINAL.dir/area.c.obj
 *fill*         0x10008bb5        0x3 
 .rodata.calculate_area_triangle.str1.4
                0x10008bb8       0x15 CMakeFiles/ESD_FINAL.dir/area.c.obj
 *fill*         0x10008bcd        0x3 
 .rodata.calculate_area_irr_shape.str1.4
                0x10008bd0       0x3a CMakeFiles/ESD_FINAL.dir/area.c.obj
 *fill*         0x10008c0a        0x2 
 .rodata.calculate_area_Irregular.str1.4
                0x10008c0c       0x29 CMakeFiles/ESD_FINAL.dir/area.c.obj
 *fill*         0x10008c35        0x3 
 .rodata.calculate_area.str1.4
                0x10008c38       0x3b CMakeFiles/ESD_FINAL.dir/area.c.obj
 *fill*         0x10008c73        0x1 
 .rodata.user_interface.str1.4
                0x10008c74       0xbe CMakeFiles/ESD_FINAL.dir/user_interface.c.obj
                                 0xfa (size before relaxing)
 *fill*         0x10008d32        0x2 
 .rodata.read_tilt_angle.str1.4
                0x10008d34       0x15 CMakeFiles/ESD_FINAL.dir/mpu6050.c.obj
 *fill*         0x10008d49        0x3 
 .rodata.make_branch.str1.4
                0x10008d4c       0x6d CMakeFiles/ESD_FINAL.dir/C_/VSARM/sdk/pico/pico-sdk/src/rp2_common/hardware_irq/irq.c.obj
 *fill*         0x10008db9        0x3 
 .rodata.insert_branch_and_link.str1.4
                0x10008dbc       0x10 CMakeFiles/ESD_FINAL.dir/C_/VSARM/sdk/pico/pico-sdk/src/rp2_common/hardware_irq/irq.c.obj
 .rodata.irq_set_exclusive_handler.str1.4
                0x10008dcc       0x36 CMakeFiles/ESD_FINAL.dir/C_/VSARM/sdk/pico/pico-sdk/src/rp2_common/hardware_irq/irq.c.obj
 *fill*         0x10008e02        0x2 
 .rodata.irq_add_shared_handler.str1.4
                0x10008e04       0xd9 CMakeFiles/ESD_FINAL.dir/C_/VSARM/sdk/pico/pico-sdk/src/rp2_common/hardware_irq/irq.c.obj
 *fill*         0x10008edd        0x3 
 .rodata.irq_remove_handler.str1.4
                0x10008ee0       0x3a CMakeFiles/ESD_FINAL.dir/C_/VSARM/sdk/pico/pico-sdk/src/rp2_common/hardware_irq/irq.c.obj
 *fill*         0x10008f1a        0x2 
 .rodata.irq_add_tail_to_free_list.str1.4
                0x10008f1c       0x3a CMakeFiles/ESD_FINAL.dir/C_/VSARM/sdk/pico/pico-sdk/src/rp2_common/hardware_irq/irq.c.obj
 *fill*         0x10008f56        0x2 
 .rodata.__func__.0
                0x10008f58       0x1a CMakeFiles/ESD_FINAL.dir/C_/VSARM/sdk/pico/pico-sdk/src/rp2_common/hardware_irq/irq.c.obj
 *fill*         0x10008f72        0x2 
 .rodata.__func__.1
                0x10008f74       0x17 CMakeFiles/ESD_FINAL.dir/C_/VSARM/sdk/pico/pico-sdk/src/rp2_common/hardware_irq/irq.c.obj
 *fill*         0x10008f8b        0x1 
 .rodata.__func__.2
                0x10008f8c       0x13 CMakeFiles/ESD_FINAL.dir/C_/VSARM/sdk/pico/pico-sdk/src/rp2_common/hardware_irq/irq.c.obj
 *fill*         0x10008f9f        0x1 
 .rodata.__func__.3
                0x10008fa0        0xc CMakeFiles/ESD_FINAL.dir/C_/VSARM/sdk/pico/pico-sdk/src/rp2_common/hardware_irq/irq.c.obj
 .rodata.__func__.4
                0x10008fac        0xf CMakeFiles/ESD_FINAL.dir/C_/VSARM/sdk/pico/pico-sdk/src/rp2_common/hardware_irq/irq.c.obj
 *fill*         0x10008fbb        0x1 
 .rodata.__func__.6
                0x10008fbc       0x1a CMakeFiles/ESD_FINAL.dir/C_/VSARM/sdk/pico/pico-sdk/src/rp2_common/hardware_irq/irq.c.obj
 *fill*         0x10008fd6        0x2 
 .rodata.str1.4
                0x10008fd8       0xed CMakeFiles/ESD_FINAL.dir/C_/VSARM/sdk/pico/pico-sdk/src/common/pico_sync/mutex.c.obj
 *fill*         0x100090c5        0x3 
 .rodata.__func__.1
                0x100090c8        0xb CMakeFiles/ESD_FINAL.dir/C_/VSARM/sdk/pico/pico-sdk/src/common/pico_sync/mutex.c.obj
 *fill*         0x100090d3        0x1 
 .rodata.__func__.3
                0x100090d4       0x18 CMakeFiles/ESD_FINAL.dir/C_/VSARM/sdk/pico/pico-sdk/src/common/pico_sync/mutex.c.obj
 .rodata.repeating_timer_callback.str1.4
                0x100090ec       0x4b CMakeFiles/ESD_FINAL.dir/C_/VSARM/sdk/pico/pico-sdk/src/common/pico_time/time.c.obj
 *fill*         0x10009137        0x1 
 .rodata.timer_pool_entry_comparator.str1.4
                0x10009138       0x22 CMakeFiles/ESD_FINAL.dir/C_/VSARM/sdk/pico/pico-sdk/src/common/pico_time/time.c.obj
 *fill*         0x1000915a        0x2 
 .rodata.ph_add_child_node.str1.4
                0x1000915c       0x96 CMakeFiles/ESD_FINAL.dir/C_/VSARM/sdk/pico/pico-sdk/src/common/pico_time/time.c.obj
 *fill*         0x100091f2        0x2 
 .rodata.add_alarm_under_lock.str1.4
                0x100091f4       0x28 CMakeFiles/ESD_FINAL.dir/C_/VSARM/sdk/pico/pico-sdk/src/common/pico_time/time.c.obj
                                 0x2b (size before relaxing)
 .rodata.alarm_pool_alarm_callback.str1.4
                0x1000921c       0x98 CMakeFiles/ESD_FINAL.dir/C_/VSARM/sdk/pico/pico-sdk/src/common/pico_time/time.c.obj
                                 0xfc (size before relaxing)
 .rodata.alarm_pool_get_default.str1.4
                0x100092b4       0x21 CMakeFiles/ESD_FINAL.dir/C_/VSARM/sdk/pico/pico-sdk/src/common/pico_time/time.c.obj
 *fill*         0x100092d5        0x3 
 .rodata.alarm_pool_cancel_alarm.str1.4
                0x100092d8       0x27 CMakeFiles/ESD_FINAL.dir/C_/VSARM/sdk/pico/pico-sdk/src/common/pico_time/time.c.obj
 *fill*         0x100092ff        0x1 
 .rodata.sleep_until.str1.4
                0x10009300       0x4d CMakeFiles/ESD_FINAL.dir/C_/VSARM/sdk/pico/pico-sdk/src/common/pico_time/time.c.obj
 *fill*         0x1000934d        0x3 
 .rodata.__func__.1
                0x10009350       0x18 CMakeFiles/ESD_FINAL.dir/C_/VSARM/sdk/pico/pico-sdk/src/common/pico_time/time.c.obj
 .rodata.__func__.10
                0x10009368       0x15 CMakeFiles/ESD_FINAL.dir/C_/VSARM/sdk/pico/pico-sdk/src/common/pico_time/time.c.obj
 *fill*         0x1000937d        0x3 
 .rodata.__func__.11
                0x10009380       0x1a CMakeFiles/ESD_FINAL.dir/C_/VSARM/sdk/pico/pico-sdk/src/common/pico_time/time.c.obj
 *fill*         0x1000939a        0x2 
 .rodata.__func__.12
                0x1000939c        0xa CMakeFiles/ESD_FINAL.dir/C_/VSARM/sdk/pico/pico-sdk/src/common/pico_time/time.c.obj
 *fill*         0x100093a6        0x2 
 .rodata.__func__.3
                0x100093a8       0x17 CMakeFiles/ESD_FINAL.dir/C_/VSARM/sdk/pico/pico-sdk/src/common/pico_time/time.c.obj
 *fill*         0x100093bf        0x1 
 .rodata.__func__.4
                0x100093c0       0x12 CMakeFiles/ESD_FINAL.dir/C_/VSARM/sdk/pico/pico-sdk/src/common/pico_time/time.c.obj
 *fill*         0x100093d2        0x2 
 .rodata.__func__.5
                0x100093d4        0xd CMakeFiles/ESD_FINAL.dir/C_/VSARM/sdk/pico/pico-sdk/src/common/pico_time/time.c.obj
 *fill*         0x100093e1        0x3 
 .rodata.__func__.6
                0x100093e4       0x12 CMakeFiles/ESD_FINAL.dir/C_/VSARM/sdk/pico/pico-sdk/src/common/pico_time/time.c.obj
 *fill*         0x100093f6        0x2 
 .rodata.__func__.7
                0x100093f8        0xf CMakeFiles/ESD_FINAL.dir/C_/VSARM/sdk/pico/pico-sdk/src/common/pico_time/time.c.obj
 *fill*         0x10009407        0x1 
 .rodata.__func__.8
                0x10009408        0xc CMakeFiles/ESD_FINAL.dir/C_/VSARM/sdk/pico/pico-sdk/src/common/pico_time/time.c.obj
 .rodata.__func__.9
                0x10009414       0x15 CMakeFiles/ESD_FINAL.dir/C_/VSARM/sdk/pico/pico-sdk/src/common/pico_time/time.c.obj
 *fill*         0x10009429        0x3 
 .rodata.hardware_alarm_claim.str1.4
                0x1000942c       0x22 CMakeFiles/ESD_FINAL.dir/C_/VSARM/sdk/pico/pico-sdk/src/rp2_common/hardware_timer/timer.c.obj
 .rodata.busy_wait_us.str1.4
                0x1000944e       0x61 CMakeFiles/ESD_FINAL.dir/C_/VSARM/sdk/pico/pico-sdk/src/rp2_common/hardware_timer/timer.c.obj
 *fill*         0x1000944e        0x2 
 .rodata.hardware_alarm_set_target.str1.4
                0x10009450       0x65 CMakeFiles/ESD_FINAL.dir/C_/VSARM/sdk/pico/pico-sdk/src/rp2_common/hardware_timer/timer.c.obj
 *fill*         0x100094b5        0x3 
 .rodata.__func__.0
                0x100094b8       0x1a CMakeFiles/ESD_FINAL.dir/C_/VSARM/sdk/pico/pico-sdk/src/rp2_common/hardware_timer/timer.c.obj
 *fill*         0x100094d2        0x2 
 .rodata.__func__.1
                0x100094d4       0x15 CMakeFiles/ESD_FINAL.dir/C_/VSARM/sdk/pico/pico-sdk/src/rp2_common/hardware_timer/timer.c.obj
 .rodata.ph_add_child_node.str1.4
                0x100094e9       0x96 CMakeFiles/ESD_FINAL.dir/C_/VSARM/sdk/pico/pico-sdk/src/common/pico_util/pheap.c.obj
 *fill*         0x100094e9        0x3 
 .rodata.ph_remove_any_head.str1.4
                0x100094ec       0x8c CMakeFiles/ESD_FINAL.dir/C_/VSARM/sdk/pico/pico-sdk/src/common/pico_util/pheap.c.obj
                                 0xa0 (size before relaxing)
 .rodata.ph_remove_and_free_node.str1.4
                0x10009578       0x1e CMakeFiles/ESD_FINAL.dir/C_/VSARM/sdk/pico/pico-sdk/src/common/pico_util/pheap.c.obj
                                 0x26 (size before relaxing)
 *fill*         0x10009596        0x2 
 .rodata.__func__.0
                0x10009598       0x18 CMakeFiles/ESD_FINAL.dir/C_/VSARM/sdk/pico/pico-sdk/src/common/pico_util/pheap.c.obj
 .rodata.__func__.1
                0x100095b0       0x13 CMakeFiles/ESD_FINAL.dir/C_/VSARM/sdk/pico/pico-sdk/src/common/pico_util/pheap.c.obj
 *fill*         0x100095c3        0x1 
 .rodata.__func__.2
                0x100095c4       0x12 CMakeFiles/ESD_FINAL.dir/C_/VSARM/sdk/pico/pico-sdk/src/common/pico_util/pheap.c.obj
 *fill*         0x100095d6        0x2 
 .rodata.__func__.3
                0x100095d8        0xc CMakeFiles/ESD_FINAL.dir/C_/VSARM/sdk/pico/pico-sdk/src/common/pico_util/pheap.c.obj
 .rodata.clock_configure.str1.4
                0x100095e4       0x57 CMakeFiles/ESD_FINAL.dir/C_/VSARM/sdk/pico/pico-sdk/src/rp2_common/hardware_clocks/clocks.c.obj
 *fill*         0x1000963b        0x1 
 .rodata.__func__.1
                0x1000963c       0x10 CMakeFiles/ESD_FINAL.dir/C_/VSARM/sdk/pico/pico-sdk/src/rp2_common/hardware_clocks/clocks.c.obj
 .rodata.pll_init.str1.4
                0x1000964c      0x124 CMakeFiles/ESD_FINAL.dir/C_/VSARM/sdk/pico/pico-sdk/src/rp2_common/hardware_pll/pll.c.obj
 .rodata.__func__.0
                0x10009770        0x9 CMakeFiles/ESD_FINAL.dir/C_/VSARM/sdk/pico/pico-sdk/src/rp2_common/hardware_pll/pll.c.obj
 *fill*         0x10009779        0x3 
 .rodata.__assert_func.str1.4
                0x1000977c       0x3f CMakeFiles/ESD_FINAL.dir/C_/VSARM/sdk/pico/pico-sdk/src/rp2_common/pico_runtime/runtime.c.obj
                                 0x43 (size before relaxing)
 *fill*         0x100097bb        0x1 
 .rodata.runtime_init.str1.4
                0x100097bc       0x61 CMakeFiles/ESD_FINAL.dir/C_/VSARM/sdk/pico/pico-sdk/src/rp2_common/pico_runtime/runtime.c.obj
 *fill*         0x1000981d        0x3 
 .rodata.panic.str1.4
                0x10009820       0x12 CMakeFiles/ESD_FINAL.dir/C_/VSARM/sdk/pico/pico-sdk/src/rp2_common/pico_runtime/runtime.c.obj
 *fill*         0x10009832        0x2 
 .rodata.__func__.2
                0x10009834        0xd CMakeFiles/ESD_FINAL.dir/C_/VSARM/sdk/pico/pico-sdk/src/rp2_common/pico_runtime/runtime.c.obj
 *fill*         0x10009841        0x3 
 .rodata._ftoa.str1.4
                0x10009844       0x15 CMakeFiles/ESD_FINAL.dir/C_/VSARM/sdk/pico/pico-sdk/src/rp2_common/pico_printf/printf.c.obj
 *fill*         0x10009859        0x3 
 .rodata._vsnprintf
                0x1000985c      0x1e0 CMakeFiles/ESD_FINAL.dir/C_/VSARM/sdk/pico/pico-sdk/src/rp2_common/pico_printf/printf.c.obj
 *fill*         0x10009a3c        0x4 
 .rodata.pow10.0
                0x10009a40       0x50 CMakeFiles/ESD_FINAL.dir/C_/VSARM/sdk/pico/pico-sdk/src/rp2_common/pico_printf/printf.c.obj
 .rodata.__aeabi_double_init.str1.4
                0x10009a90       0x9c CMakeFiles/ESD_FINAL.dir/C_/VSARM/sdk/pico/pico-sdk/src/rp2_common/pico_double/double_init_rom.c.obj
 .rodata.__func__.0
                0x10009b2c       0x14 CMakeFiles/ESD_FINAL.dir/C_/VSARM/sdk/pico/pico-sdk/src/rp2_common/pico_double/double_init_rom.c.obj
 .rodata.__aeabi_float_init.str1.4
                0x10009b40       0x7a CMakeFiles/ESD_FINAL.dir/C_/VSARM/sdk/pico/pico-sdk/src/rp2_common/pico_float/float_init_rom.c.obj
                                 0x7e (size before relaxing)
 *fill*         0x10009bba        0x2 
 .rodata.__func__.0
                0x10009bbc       0x13 CMakeFiles/ESD_FINAL.dir/C_/VSARM/sdk/pico/pico-sdk/src/rp2_common/pico_float/float_init_rom.c.obj
 *fill*         0x10009bcf        0x1 
 .rodata.__wrap_malloc.str1.4
                0x10009bd0        0xe CMakeFiles/ESD_FINAL.dir/C_/VSARM/sdk/pico/pico-sdk/src/rp2_common/pico_malloc/pico_malloc.c.obj
 *fill*         0x10009bde        0x2 
 .rodata.str1.4
                0x10009be0       0x40 CMakeFiles/ESD_FINAL.dir/C_/VSARM/sdk/pico/pico-sdk/src/rp2_common/pico_standard_link/binary_info.c.obj
 .rodata.__bi_44
                0x10009c20        0xc CMakeFiles/ESD_FINAL.dir/C_/VSARM/sdk/pico/pico-sdk/src/rp2_common/pico_standard_link/binary_info.c.obj
 .rodata.__bi_75
                0x10009c2c        0xc CMakeFiles/ESD_FINAL.dir/C_/VSARM/sdk/pico/pico-sdk/src/rp2_common/pico_standard_link/binary_info.c.obj
 .rodata.__bi_81
                0x10009c38        0xc CMakeFiles/ESD_FINAL.dir/C_/VSARM/sdk/pico/pico-sdk/src/rp2_common/pico_standard_link/binary_info.c.obj
 .rodata.stdout_serialize_begin.str1.4
                0x10009c44       0x61 CMakeFiles/ESD_FINAL.dir/C_/VSARM/sdk/pico/pico-sdk/src/rp2_common/pico_stdio/stdio.c.obj
 .rodata.__func__.3
                0x10009c44       0x15 CMakeFiles/ESD_FINAL.dir/C_/VSARM/sdk/pico/pico-sdk/src/rp2_common/pico_stdio/stdio.c.obj
 *fill*         0x10009c59        0x3 
 .rodata.crlf_str.2
                0x10009c5c        0x2 CMakeFiles/ESD_FINAL.dir/C_/VSARM/sdk/pico/pico-sdk/src/rp2_common/pico_stdio/stdio.c.obj
 *fill*         0x10009c5e        0x2 
 .rodata.str1.4
                0x10009c60       0x2c CMakeFiles/ESD_FINAL.dir/C_/VSARM/sdk/pico/pico-sdk/src/rp2_common/pico_stdio_uart/stdio_uart.c.obj
 .rodata.__bi_33.4
                0x10009c8c        0xc CMakeFiles/ESD_FINAL.dir/C_/VSARM/sdk/pico/pico-sdk/src/rp2_common/pico_stdio_uart/stdio_uart.c.obj
 .rodata.__bi_34.5
                0x10009c98        0x8 CMakeFiles/ESD_FINAL.dir/C_/VSARM/sdk/pico/pico-sdk/src/rp2_common/pico_stdio_uart/stdio_uart.c.obj
 .rodata.i2c_set_baudrate.str1.4
                0x10009ca0       0x5d CMakeFiles/ESD_FINAL.dir/C_/VSARM/sdk/pico/pico-sdk/src/rp2_common/hardware_i2c/i2c.c.obj
 *fill*         0x10009cfd        0x3 
 .rodata.__func__.0
                0x10009d00       0x11 CMakeFiles/ESD_FINAL.dir/C_/VSARM/sdk/pico/pico-sdk/src/rp2_common/hardware_i2c/i2c.c.obj
                0x10009d14                . = ALIGN (0x4)
 *fill*         0x10009d11        0x3 
 *(SORT_BY_ALIGNMENT(SORT_BY_NAME(.flashdata*)))
                0x10009d14                . = ALIGN (0x4)

.ARM.extab
 *(.ARM.extab* .gnu.linkonce.armextab.*)
                0x10009d14                __exidx_start = .

.ARM.exidx
 *(.ARM.exidx* .gnu.linkonce.armexidx.*)
                0x10009d14                __exidx_end = .
                0x10009d14                . = ALIGN (0x4)
                0x10009d14                __binary_info_start = .

.binary_info    0x10009d14       0x24
 *(.binary_info.keep.*)
 .binary_info.keep.__bi_ptr22
                0x10009d14        0x4 CMakeFiles/ESD_FINAL.dir/C_/VSARM/sdk/pico/pico-sdk/src/rp2_common/pico_standard_link/binary_info.c.obj
 .binary_info.keep.__bi_ptr30
                0x10009d18        0x4 CMakeFiles/ESD_FINAL.dir/C_/VSARM/sdk/pico/pico-sdk/src/rp2_common/pico_standard_link/binary_info.c.obj
 .binary_info.keep.__bi_ptr38
                0x10009d1c        0x4 CMakeFiles/ESD_FINAL.dir/C_/VSARM/sdk/pico/pico-sdk/src/rp2_common/pico_standard_link/binary_info.c.obj
 .binary_info.keep.__bi_ptr44
                0x10009d20        0x4 CMakeFiles/ESD_FINAL.dir/C_/VSARM/sdk/pico/pico-sdk/src/rp2_common/pico_standard_link/binary_info.c.obj
 .binary_info.keep.__bi_ptr50
                0x10009d24        0x4 CMakeFiles/ESD_FINAL.dir/C_/VSARM/sdk/pico/pico-sdk/src/rp2_common/pico_standard_link/binary_info.c.obj
 .binary_info.keep.__bi_ptr75
                0x10009d28        0x4 CMakeFiles/ESD_FINAL.dir/C_/VSARM/sdk/pico/pico-sdk/src/rp2_common/pico_standard_link/binary_info.c.obj
 .binary_info.keep.__bi_ptr81
                0x10009d2c        0x4 CMakeFiles/ESD_FINAL.dir/C_/VSARM/sdk/pico/pico-sdk/src/rp2_common/pico_standard_link/binary_info.c.obj
 *(.binary_info.*)
 .binary_info.__bi_ptr33
                0x10009d30        0x4 CMakeFiles/ESD_FINAL.dir/C_/VSARM/sdk/pico/pico-sdk/src/rp2_common/pico_stdio_uart/stdio_uart.c.obj
 .binary_info.__bi_ptr34
                0x10009d34        0x4 CMakeFiles/ESD_FINAL.dir/C_/VSARM/sdk/pico/pico-sdk/src/rp2_common/pico_stdio_uart/stdio_uart.c.obj
                0x10009d38                __binary_info_end = .

.rel.dyn        0x10009d38        0x0
 .rel.iplt      0x10009d38        0x0 c:/vsarm/armcc/10 2021.10/bin/../lib/gcc/arm-none-eabi/10.3.1/thumb/v6-m/nofp/crtbegin.o
                0x10009d38                . = ALIGN (0x4)

.ram_vector_table
                0x20000000       0xc0
 *(.ram_vector_table)
 .ram_vector_table
                0x20000000       0xc0 CMakeFiles/ESD_FINAL.dir/C_/VSARM/sdk/pico/pico-sdk/src/rp2_common/pico_runtime/runtime.c.obj
                0x20000000                ram_vector_table

.data           0x200000c0      0xb54 load address 0x10009d38
                0x200000c0                __data_start__ = .
 *(vtable)
 *(.time_critical*)
 .time_critical.mutex_try_enter
                0x200000c0       0x46 CMakeFiles/ESD_FINAL.dir/C_/VSARM/sdk/pico/pico-sdk/src/common/pico_sync/mutex.c.obj
                0x200000c0                mutex_try_enter
 *fill*         0x20000106        0x2 
 .time_critical.mutex_enter_block_until
                0x20000108       0x8c CMakeFiles/ESD_FINAL.dir/C_/VSARM/sdk/pico/pico-sdk/src/common/pico_sync/mutex.c.obj
                0x20000108                mutex_enter_block_until
 .time_critical.mutex_try_enter_block_until
                0x20000194       0x34 CMakeFiles/ESD_FINAL.dir/C_/VSARM/sdk/pico/pico-sdk/src/common/pico_sync/mutex.c.obj
                0x20000194                mutex_try_enter_block_until
 .time_critical.mutex_exit
                0x200001c8       0x4c CMakeFiles/ESD_FINAL.dir/C_/VSARM/sdk/pico/pico-sdk/src/common/pico_sync/mutex.c.obj
                0x200001c8                mutex_exit
 *(.text*)
 .text          0x20000214        0x4 c:/vsarm/armcc/10 2021.10/bin/../lib/gcc/arm-none-eabi/10.3.1/thumb/v6-m/nofp\libgcc.a(_dvmd_tls.o)
                0x20000214                __aeabi_idiv0
                0x20000214                __aeabi_ldiv0
 .text.__stub   0x20000218       0x20 linker stubs
                0x20000238                . = ALIGN (0x4)
 *(.rodata*)
                0x20000238                . = ALIGN (0x4)
 *(.data*)
 .data.Font12   0x20000238        0x8 CMakeFiles/ESD_FINAL.dir/fonts.c.obj
                0x20000238                Font12
 .data.Font16   0x20000240        0x8 CMakeFiles/ESD_FINAL.dir/fonts.c.obj
                0x20000240                Font16
 .data.Font8    0x20000248        0x8 CMakeFiles/ESD_FINAL.dir/fonts.c.obj
                0x20000248                Font8
 .data.irr_shapes
                0x20000250       0x50 CMakeFiles/ESD_FINAL.dir/menu.c.obj
                0x20000250                irr_shapes
 .data.shapes   0x200002a0       0x50 CMakeFiles/ESD_FINAL.dir/menu.c.obj
                0x200002a0                shapes
 .data.striped_spin_lock_num
                0x200002f0        0x1 CMakeFiles/ESD_FINAL.dir/C_/VSARM/sdk/pico/pico-sdk/src/rp2_common/hardware_sync/sync.c.obj
 *fill*         0x200002f1        0x3 
 .data          0x200002f4       0x48 CMakeFiles/ESD_FINAL.dir/C_/VSARM/sdk/pico/pico-sdk/src/rp2_common/hardware_irq/irq_handler_chain.S.obj
                0x200002f4                irq_handler_chain_slots
                0x20000324                irq_handler_chain_first_slot
                0x2000032e                irq_handler_chain_remove_tail
 .data.default_alarm_pool
                0x2000033c       0x18 CMakeFiles/ESD_FINAL.dir/C_/VSARM/sdk/pico/pico-sdk/src/common/pico_time/time.c.obj
 .data.default_alarm_pool_heap
                0x20000354       0x10 CMakeFiles/ESD_FINAL.dir/C_/VSARM/sdk/pico/pico-sdk/src/common/pico_time/time.c.obj
 *fill*         0x20000364        0xc 
 .data.aeabi_bits_funcs
                0x20000370       0x10 CMakeFiles/ESD_FINAL.dir/C_/VSARM/sdk/pico/pico-sdk/src/rp2_common/pico_bit_ops/bit_ops_aeabi.S.obj
                0x20000370                aeabi_bits_funcs
                0x20000380                aeabi_bits_funcs_end
 .data.aeabi_mem_funcs
                0x20000380       0x10 CMakeFiles/ESD_FINAL.dir/C_/VSARM/sdk/pico/pico-sdk/src/rp2_common/pico_mem_ops/mem_ops_aeabi.S.obj
                0x20000380                aeabi_mem_funcs
                0x20000390                aeabi_mem_funcs_end
 .data.stdio_uart
                0x20000390       0x18 CMakeFiles/ESD_FINAL.dir/C_/VSARM/sdk/pico/pico-sdk/src/rp2_common/pico_stdio_uart/stdio_uart.c.obj
                0x20000390                stdio_uart
 .data.i2c0_inst
                0x200003a8        0x8 CMakeFiles/ESD_FINAL.dir/C_/VSARM/sdk/pico/pico-sdk/src/rp2_common/hardware_i2c/i2c.c.obj
                0x200003a8                i2c0_inst
 .data.i2c1_inst
                0x200003b0        0x8 CMakeFiles/ESD_FINAL.dir/C_/VSARM/sdk/pico/pico-sdk/src/rp2_common/hardware_i2c/i2c.c.obj
                0x200003b0                i2c1_inst
 .data._impure_ptr
                0x200003b8        0x4 c:/vsarm/armcc/10 2021.10/bin/../lib/gcc/arm-none-eabi/10.3.1/../../../../arm-none-eabi/lib/thumb/v6-m/nofp\libg.a(lib_a-impure.o)
                0x200003b8                _impure_ptr
 *fill*         0x200003bc        0x4 
 .data.impure_data
                0x200003c0      0x428 c:/vsarm/armcc/10 2021.10/bin/../lib/gcc/arm-none-eabi/10.3.1/../../../../arm-none-eabi/lib/thumb/v6-m/nofp\libg.a(lib_a-impure.o)
 .data.__malloc_av_
                0x200007e8      0x408 c:/vsarm/armcc/10 2021.10/bin/../lib/gcc/arm-none-eabi/10.3.1/../../../../arm-none-eabi/lib/thumb/v6-m/nofp\libg.a(lib_a-mallocr.o)
                0x200007e8                __malloc_av_
 .data.__malloc_sbrk_base
                0x20000bf0        0x4 c:/vsarm/armcc/10 2021.10/bin/../lib/gcc/arm-none-eabi/10.3.1/../../../../arm-none-eabi/lib/thumb/v6-m/nofp\libg.a(lib_a-mallocr.o)
                0x20000bf0                __malloc_sbrk_base
 .data.__malloc_trim_threshold
                0x20000bf4        0x4 c:/vsarm/armcc/10 2021.10/bin/../lib/gcc/arm-none-eabi/10.3.1/../../../../arm-none-eabi/lib/thumb/v6-m/nofp\libg.a(lib_a-mallocr.o)
                0x20000bf4                __malloc_trim_threshold
                0x20000bf8                . = ALIGN (0x4)
 *(.after_data.*)
                0x20000bf8                . = ALIGN (0x4)
                0x20000bf8                PROVIDE (__mutex_array_start = .)
 *(SORT_BY_NAME(.mutex_array.*))
 *(.mutex_array)
 .mutex_array   0x20000bf8        0x8 CMakeFiles/ESD_FINAL.dir/C_/VSARM/sdk/pico/pico-sdk/src/rp2_common/pico_stdio/stdio.c.obj
                0x20000c00                PROVIDE (__mutex_array_end = .)
                0x20000c00                . = ALIGN (0x4)
                0x20000c00                PROVIDE (__preinit_array_start = .)
 *(SORT_BY_NAME(.preinit_array.*))
 .preinit_array.00001
                0x20000c00        0x4 CMakeFiles/ESD_FINAL.dir/C_/VSARM/sdk/pico/pico-sdk/src/rp2_common/pico_mem_ops/mem_ops_aeabi.S.obj
 .preinit_array.00010
                0x20000c04        0x4 CMakeFiles/ESD_FINAL.dir/C_/VSARM/sdk/pico/pico-sdk/src/rp2_common/pico_bit_ops/bit_ops_aeabi.S.obj
 .preinit_array.00020
                0x20000c08        0x4 CMakeFiles/ESD_FINAL.dir/C_/VSARM/sdk/pico/pico-sdk/src/rp2_common/pico_double/double_aeabi.S.obj
 .preinit_array.00020
                0x20000c0c        0x4 CMakeFiles/ESD_FINAL.dir/C_/VSARM/sdk/pico/pico-sdk/src/rp2_common/pico_float/float_aeabi.S.obj
 *(.preinit_array)
                0x20000c10                PROVIDE (__preinit_array_end = .)
                0x20000c10                . = ALIGN (0x4)
                0x20000c10                PROVIDE (__init_array_start = .)
 *(SORT_BY_NAME(.init_array.*))
 *(.init_array)
 .init_array    0x20000c10        0x4 c:/vsarm/armcc/10 2021.10/bin/../lib/gcc/arm-none-eabi/10.3.1/thumb/v6-m/nofp/crtbegin.o
                0x20000c14                PROVIDE (__init_array_end = .)
                0x20000c14                . = ALIGN (0x4)
                [!provide]                PROVIDE (__fini_array_start = .)
 *(SORT_BY_NAME(.fini_array.*))
 *(.fini_array)
                [!provide]                PROVIDE (__fini_array_end = .)
 *(.jcr)
                0x20000c14                . = ALIGN (0x4)
                0x20000c14                __data_end__ = .
                0x10009d38                __etext = LOADADDR (.data)

.igot.plt       0x20000c14        0x0 load address 0x1000a88c
 .igot.plt      0x20000c14        0x0 c:/vsarm/armcc/10 2021.10/bin/../lib/gcc/arm-none-eabi/10.3.1/thumb/v6-m/nofp/crtbegin.o

.uninitialized_data
                0x20000c14        0x0 load address 0x1000a88c
                0x20000c14                . = ALIGN (0x4)
 *(.uninitialized_data*)

.scratch_x      0x20040000        0x0 load address 0x1000a88c
                0x20040000                __scratch_x_start__ = .
 *(.scratch_x.*)
                0x20040000                . = ALIGN (0x4)
                0x20040000                __scratch_x_end__ = .
                0x1000a88c                __scratch_x_source__ = LOADADDR (.scratch_x)

.scratch_y      0x20041000        0x0 load address 0x1000a88c
                0x20041000                __scratch_y_start__ = .
 *(.scratch_y.*)
                0x20041000                . = ALIGN (0x4)
                0x20041000                __scratch_y_end__ = .
                0x1000a88c                __scratch_y_source__ = LOADADDR (.scratch_y)

.bss            0x20000c18      0x434
                0x20000c18                . = ALIGN (0x4)
                0x20000c18                __bss_start__ = .
 *(SORT_BY_ALIGNMENT(SORT_BY_NAME(.bss*)))
 .bss.default_alarm_pool_entries
                0x20000c18      0x100 CMakeFiles/ESD_FINAL.dir/C_/VSARM/sdk/pico/pico-sdk/src/common/pico_time/time.c.obj
 .bss           0x20000d18       0x1c c:/vsarm/armcc/10 2021.10/bin/../lib/gcc/arm-none-eabi/10.3.1/thumb/v6-m/nofp/crtbegin.o
 .bss.Paint     0x20000d34       0x18 CMakeFiles/ESD_FINAL.dir/oled.c.obj
                0x20000d34                Paint
 .bss.__lock___malloc_recursive_mutex
                0x20000d4c        0x1 c:/vsarm/armcc/10 2021.10/bin/../lib/gcc/arm-none-eabi/10.3.1/../../../../arm-none-eabi/lib/thumb/v6-m/nofp\libg.a(lib_a-lock.o)
                0x20000d4c                __lock___malloc_recursive_mutex
 *fill*         0x20000d4d        0x3 
 .bss.__malloc_current_mallinfo
                0x20000d50       0x28 c:/vsarm/armcc/10 2021.10/bin/../lib/gcc/arm-none-eabi/10.3.1/../../../../arm-none-eabi/lib/thumb/v6-m/nofp\libg.a(lib_a-mallocr.o)
                0x20000d50                __malloc_current_mallinfo
 .bss.__malloc_max_sbrked_mem
                0x20000d78        0x4 c:/vsarm/armcc/10 2021.10/bin/../lib/gcc/arm-none-eabi/10.3.1/../../../../arm-none-eabi/lib/thumb/v6-m/nofp\libg.a(lib_a-mallocr.o)
                0x20000d78                __malloc_max_sbrked_mem
 .bss.__malloc_max_total_mem
                0x20000d7c        0x4 c:/vsarm/armcc/10 2021.10/bin/../lib/gcc/arm-none-eabi/10.3.1/../../../../arm-none-eabi/lib/thumb/v6-m/nofp\libg.a(lib_a-mallocr.o)
                0x20000d7c                __malloc_max_total_mem
 .bss.__malloc_top_pad
                0x20000d80        0x4 c:/vsarm/armcc/10 2021.10/bin/../lib/gcc/arm-none-eabi/10.3.1/../../../../arm-none-eabi/lib/thumb/v6-m/nofp\libg.a(lib_a-mallocr.o)
                0x20000d80                __malloc_top_pad
 .bss.alarm_callbacks
                0x20000d84       0x10 CMakeFiles/ESD_FINAL.dir/C_/VSARM/sdk/pico/pico-sdk/src/rp2_common/hardware_timer/timer.c.obj
 .bss.chars_available_callback
                0x20000d94        0x4 CMakeFiles/ESD_FINAL.dir/C_/VSARM/sdk/pico/pico-sdk/src/rp2_common/pico_stdio_uart/stdio_uart.c.obj
 .bss.chars_available_param
                0x20000d98        0x4 CMakeFiles/ESD_FINAL.dir/C_/VSARM/sdk/pico/pico-sdk/src/rp2_common/pico_stdio_uart/stdio_uart.c.obj
 .bss.configured_freq
                0x20000d9c       0x28 CMakeFiles/ESD_FINAL.dir/C_/VSARM/sdk/pico/pico-sdk/src/rp2_common/hardware_clocks/clocks.c.obj
 .bss.default_alarm_pool_entry_ids_high
                0x20000dc4       0x10 CMakeFiles/ESD_FINAL.dir/C_/VSARM/sdk/pico/pico-sdk/src/common/pico_time/time.c.obj
 .bss.default_alarm_pool_heap_nodes
                0x20000dd4       0x30 CMakeFiles/ESD_FINAL.dir/C_/VSARM/sdk/pico/pico-sdk/src/common/pico_time/time.c.obj
 .bss.drivers   0x20000e04        0x4 CMakeFiles/ESD_FINAL.dir/C_/VSARM/sdk/pico/pico-sdk/src/rp2_common/pico_stdio/stdio.c.obj
 .bss.errno     0x20000e08        0x4 c:/vsarm/armcc/10 2021.10/bin/../lib/gcc/arm-none-eabi/10.3.1/../../../../arm-none-eabi/lib/thumb/v6-m/nofp\libg.a(lib_a-reent.o)
                0x20000e08                errno
 .bss.filter    0x20000e0c        0x4 CMakeFiles/ESD_FINAL.dir/C_/VSARM/sdk/pico/pico-sdk/src/rp2_common/pico_stdio/stdio.c.obj
 .bss.heap_end.1
                0x20000e10        0x4 CMakeFiles/ESD_FINAL.dir/C_/VSARM/sdk/pico/pico-sdk/src/rp2_common/pico_runtime/runtime.c.obj
 .bss.pools     0x20000e14       0x10 CMakeFiles/ESD_FINAL.dir/C_/VSARM/sdk/pico/pico-sdk/src/common/pico_time/time.c.obj
 .bss.sd_table  0x20000e24      0x100 CMakeFiles/ESD_FINAL.dir/C_/VSARM/sdk/pico/pico-sdk/src/rp2_common/pico_double/double_init_rom.c.obj
                0x20000e24                sd_table
 .bss.sf_clz_func
                0x20000f24        0x4 CMakeFiles/ESD_FINAL.dir/C_/VSARM/sdk/pico/pico-sdk/src/rp2_common/pico_double/double_init_rom.c.obj
                0x20000f24                sf_clz_func
 .bss.sf_table  0x20000f28      0x100 CMakeFiles/ESD_FINAL.dir/C_/VSARM/sdk/pico/pico-sdk/src/rp2_common/pico_float/float_init_rom.c.obj
                0x20000f28                sf_table
 .bss.sleep_notifier
                0x20001028        0x4 CMakeFiles/ESD_FINAL.dir/C_/VSARM/sdk/pico/pico-sdk/src/common/pico_time/time.c.obj
 .bss.target_hi
                0x2000102c       0x10 CMakeFiles/ESD_FINAL.dir/C_/VSARM/sdk/pico/pico-sdk/src/rp2_common/hardware_timer/timer.c.obj
 .bss.uart_char_to_line_feed
                0x2000103c        0x4 CMakeFiles/ESD_FINAL.dir/C_/VSARM/sdk/pico/pico-sdk/src/rp2_common/hardware_uart/uart.c.obj
                0x2000103c                uart_char_to_line_feed
 .bss.uart_instance
                0x20001040        0x4 CMakeFiles/ESD_FINAL.dir/C_/VSARM/sdk/pico/pico-sdk/src/rp2_common/pico_stdio_uart/stdio_uart.c.obj
 .bss.claimed   0x20001044        0x1 CMakeFiles/ESD_FINAL.dir/C_/VSARM/sdk/pico/pico-sdk/src/rp2_common/hardware_timer/timer.c.obj
 .bss.cursor_pos
                0x20001045        0x1 CMakeFiles/ESD_FINAL.dir/menu.c.obj
 .bss.cursor_pos_irr_menu
                0x20001046        0x1 CMakeFiles/ESD_FINAL.dir/menu.c.obj
 .bss.irq_hander_chain_free_slot_head
                0x20001047        0x1 CMakeFiles/ESD_FINAL.dir/C_/VSARM/sdk/pico/pico-sdk/src/rp2_common/hardware_irq/irq.c.obj
 .bss.timer_callbacks_pending
                0x20001048        0x1 CMakeFiles/ESD_FINAL.dir/C_/VSARM/sdk/pico/pico-sdk/src/rp2_common/hardware_timer/timer.c.obj
 *(COMMON)
                0x2000104c                . = ALIGN (0x4)
 *fill*         0x20001049        0x3 
                0x2000104c                __bss_end__ = .

.heap           0x2000104c      0x800
                0x2000104c                __end__ = .
                0x2000104c                end = __end__
 *(.heap*)
 .heap          0x2000104c      0x800 CMakeFiles/ESD_FINAL.dir/C_/VSARM/sdk/pico/pico-sdk/src/rp2_common/pico_standard_link/crt0.S.obj
                0x2000184c                __HeapLimit = .

.stack1_dummy   0x20040000        0x0
 *(.stack1*)

.stack_dummy    0x20041000      0x800
 *(.stack*)
 .stack         0x20041000      0x800 CMakeFiles/ESD_FINAL.dir/C_/VSARM/sdk/pico/pico-sdk/src/rp2_common/pico_standard_link/crt0.S.obj

.flash_end      0x1000a88c        0x0
                0x1000a88c                PROVIDE (__flash_binary_end = .)
                0x20040000                __StackLimit = (ORIGIN (RAM) + LENGTH (RAM))
                0x20041000                __StackOneTop = (ORIGIN (SCRATCH_X) + LENGTH (SCRATCH_X))
                0x20042000                __StackTop = (ORIGIN (SCRATCH_Y) + LENGTH (SCRATCH_Y))
                0x20041000                __StackOneBottom = (__StackOneTop - SIZEOF (.stack1_dummy))
                0x20041800                __StackBottom = (__StackTop - SIZEOF (.stack_dummy))
                0x20042000                PROVIDE (__stack = __StackTop)
                0x00000001                ASSERT ((__StackLimit >= __HeapLimit), region RAM overflowed)
                0x00000001                ASSERT (((__binary_info_header_end - __logical_binary_start) <= 0x100), Binary info must be in first 256 bytes of the binary)
LOAD CMakeFiles/ESD_FINAL.dir/main.c.obj
LOAD CMakeFiles/ESD_FINAL.dir/i2c_code.c.obj
LOAD CMakeFiles/ESD_FINAL.dir/lidar.c.obj
LOAD CMakeFiles/ESD_FINAL.dir/spi_code.c.obj
LOAD CMakeFiles/ESD_FINAL.dir/oled.c.obj
LOAD CMakeFiles/ESD_FINAL.dir/fonts.c.obj
LOAD CMakeFiles/ESD_FINAL.dir/menu.c.obj
LOAD CMakeFiles/ESD_FINAL.dir/area.c.obj
LOAD CMakeFiles/ESD_FINAL.dir/button.c.obj
LOAD CMakeFiles/ESD_FINAL.dir/user_interface.c.obj
LOAD CMakeFiles/ESD_FINAL.dir/mpu6050.c.obj
LOAD CMakeFiles/ESD_FINAL.dir/C_/VSARM/sdk/pico/pico-sdk/src/rp2_common/pico_stdlib/stdlib.c.obj
LOAD CMakeFiles/ESD_FINAL.dir/C_/VSARM/sdk/pico/pico-sdk/src/rp2_common/hardware_gpio/gpio.c.obj
LOAD CMakeFiles/ESD_FINAL.dir/C_/VSARM/sdk/pico/pico-sdk/src/rp2_common/pico_platform/platform.c.obj
LOAD CMakeFiles/ESD_FINAL.dir/C_/VSARM/sdk/pico/pico-sdk/src/rp2_common/hardware_claim/claim.c.obj
LOAD CMakeFiles/ESD_FINAL.dir/C_/VSARM/sdk/pico/pico-sdk/src/rp2_common/hardware_sync/sync.c.obj
LOAD CMakeFiles/ESD_FINAL.dir/C_/VSARM/sdk/pico/pico-sdk/src/rp2_common/hardware_irq/irq.c.obj
LOAD CMakeFiles/ESD_FINAL.dir/C_/VSARM/sdk/pico/pico-sdk/src/rp2_common/hardware_irq/irq_handler_chain.S.obj
LOAD CMakeFiles/ESD_FINAL.dir/C_/VSARM/sdk/pico/pico-sdk/src/common/pico_sync/sem.c.obj
LOAD CMakeFiles/ESD_FINAL.dir/C_/VSARM/sdk/pico/pico-sdk/src/common/pico_sync/lock_core.c.obj
LOAD CMakeFiles/ESD_FINAL.dir/C_/VSARM/sdk/pico/pico-sdk/src/common/pico_sync/mutex.c.obj
LOAD CMakeFiles/ESD_FINAL.dir/C_/VSARM/sdk/pico/pico-sdk/src/common/pico_sync/critical_section.c.obj
LOAD CMakeFiles/ESD_FINAL.dir/C_/VSARM/sdk/pico/pico-sdk/src/common/pico_time/time.c.obj
LOAD CMakeFiles/ESD_FINAL.dir/C_/VSARM/sdk/pico/pico-sdk/src/common/pico_time/timeout_helper.c.obj
LOAD CMakeFiles/ESD_FINAL.dir/C_/VSARM/sdk/pico/pico-sdk/src/rp2_common/hardware_timer/timer.c.obj
LOAD CMakeFiles/ESD_FINAL.dir/C_/VSARM/sdk/pico/pico-sdk/src/common/pico_util/datetime.c.obj
LOAD CMakeFiles/ESD_FINAL.dir/C_/VSARM/sdk/pico/pico-sdk/src/common/pico_util/pheap.c.obj
LOAD CMakeFiles/ESD_FINAL.dir/C_/VSARM/sdk/pico/pico-sdk/src/common/pico_util/queue.c.obj
LOAD CMakeFiles/ESD_FINAL.dir/C_/VSARM/sdk/pico/pico-sdk/src/rp2_common/hardware_uart/uart.c.obj
LOAD CMakeFiles/ESD_FINAL.dir/C_/VSARM/sdk/pico/pico-sdk/src/rp2_common/hardware_clocks/clocks.c.obj
LOAD CMakeFiles/ESD_FINAL.dir/C_/VSARM/sdk/pico/pico-sdk/src/rp2_common/hardware_pll/pll.c.obj
LOAD CMakeFiles/ESD_FINAL.dir/C_/VSARM/sdk/pico/pico-sdk/src/rp2_common/hardware_vreg/vreg.c.obj
LOAD CMakeFiles/ESD_FINAL.dir/C_/VSARM/sdk/pico/pico-sdk/src/rp2_common/hardware_watchdog/watchdog.c.obj
LOAD CMakeFiles/ESD_FINAL.dir/C_/VSARM/sdk/pico/pico-sdk/src/rp2_common/hardware_xosc/xosc.c.obj
LOAD CMakeFiles/ESD_FINAL.dir/C_/VSARM/sdk/pico/pico-sdk/src/rp2_common/hardware_divider/divider.S.obj
LOAD CMakeFiles/ESD_FINAL.dir/C_/VSARM/sdk/pico/pico-sdk/src/rp2_common/pico_runtime/runtime.c.obj
LOAD CMakeFiles/ESD_FINAL.dir/C_/VSARM/sdk/pico/pico-sdk/src/rp2_common/pico_printf/printf.c.obj
LOAD CMakeFiles/ESD_FINAL.dir/C_/VSARM/sdk/pico/pico-sdk/src/rp2_common/pico_bit_ops/bit_ops_aeabi.S.obj
LOAD CMakeFiles/ESD_FINAL.dir/C_/VSARM/sdk/pico/pico-sdk/src/rp2_common/pico_bootrom/bootrom.c.obj
LOAD CMakeFiles/ESD_FINAL.dir/C_/VSARM/sdk/pico/pico-sdk/src/rp2_common/pico_divider/divider.S.obj
LOAD CMakeFiles/ESD_FINAL.dir/C_/VSARM/sdk/pico/pico-sdk/src/rp2_common/pico_double/double_aeabi.S.obj
LOAD CMakeFiles/ESD_FINAL.dir/C_/VSARM/sdk/pico/pico-sdk/src/rp2_common/pico_double/double_init_rom.c.obj
LOAD CMakeFiles/ESD_FINAL.dir/C_/VSARM/sdk/pico/pico-sdk/src/rp2_common/pico_double/double_math.c.obj
LOAD CMakeFiles/ESD_FINAL.dir/C_/VSARM/sdk/pico/pico-sdk/src/rp2_common/pico_double/double_v1_rom_shim.S.obj
LOAD CMakeFiles/ESD_FINAL.dir/C_/VSARM/sdk/pico/pico-sdk/src/rp2_common/pico_int64_ops/pico_int64_ops_aeabi.S.obj
LOAD CMakeFiles/ESD_FINAL.dir/C_/VSARM/sdk/pico/pico-sdk/src/rp2_common/pico_float/float_aeabi.S.obj
LOAD CMakeFiles/ESD_FINAL.dir/C_/VSARM/sdk/pico/pico-sdk/src/rp2_common/pico_float/float_init_rom.c.obj
LOAD CMakeFiles/ESD_FINAL.dir/C_/VSARM/sdk/pico/pico-sdk/src/rp2_common/pico_float/float_math.c.obj
LOAD CMakeFiles/ESD_FINAL.dir/C_/VSARM/sdk/pico/pico-sdk/src/rp2_common/pico_float/float_v1_rom_shim.S.obj
LOAD CMakeFiles/ESD_FINAL.dir/C_/VSARM/sdk/pico/pico-sdk/src/rp2_common/pico_malloc/pico_malloc.c.obj
LOAD CMakeFiles/ESD_FINAL.dir/C_/VSARM/sdk/pico/pico-sdk/src/rp2_common/pico_mem_ops/mem_ops_aeabi.S.obj
LOAD CMakeFiles/ESD_FINAL.dir/C_/VSARM/sdk/pico/pico-sdk/src/rp2_common/pico_standard_link/crt0.S.obj
LOAD CMakeFiles/ESD_FINAL.dir/C_/VSARM/sdk/pico/pico-sdk/src/rp2_common/pico_standard_link/new_delete.cpp.obj
LOAD CMakeFiles/ESD_FINAL.dir/C_/VSARM/sdk/pico/pico-sdk/src/rp2_common/pico_standard_link/binary_info.c.obj
LOAD CMakeFiles/ESD_FINAL.dir/C_/VSARM/sdk/pico/pico-sdk/src/rp2_common/pico_stdio/stdio.c.obj
LOAD CMakeFiles/ESD_FINAL.dir/C_/VSARM/sdk/pico/pico-sdk/src/rp2_common/pico_stdio_uart/stdio_uart.c.obj
LOAD CMakeFiles/ESD_FINAL.dir/C_/VSARM/sdk/pico/pico-sdk/src/rp2_common/hardware_i2c/i2c.c.obj
LOAD C:\Users\jithe\AppData\Local\Temp\ccsYWsxm.o
LOAD c:/vsarm/armcc/10 2021.10/bin/../lib/gcc/arm-none-eabi/10.3.1/../../../../arm-none-eabi/lib/thumb/v6-m/nofp\libstdc++.a
LOAD c:/vsarm/armcc/10 2021.10/bin/../lib/gcc/arm-none-eabi/10.3.1/../../../../arm-none-eabi/lib/thumb/v6-m/nofp\libm.a
START GROUP
LOAD c:/vsarm/armcc/10 2021.10/bin/../lib/gcc/arm-none-eabi/10.3.1/thumb/v6-m/nofp\libgcc.a
LOAD c:/vsarm/armcc/10 2021.10/bin/../lib/gcc/arm-none-eabi/10.3.1/../../../../arm-none-eabi/lib/thumb/v6-m/nofp\libg.a
LOAD c:/vsarm/armcc/10 2021.10/bin/../lib/gcc/arm-none-eabi/10.3.1/../../../../arm-none-eabi/lib/thumb/v6-m/nofp\libc.a
END GROUP
START GROUP
LOAD c:/vsarm/armcc/10 2021.10/bin/../lib/gcc/arm-none-eabi/10.3.1/thumb/v6-m/nofp\libgcc.a
LOAD c:/vsarm/armcc/10 2021.10/bin/../lib/gcc/arm-none-eabi/10.3.1/../../../../arm-none-eabi/lib/thumb/v6-m/nofp\libc.a
LOAD c:/vsarm/armcc/10 2021.10/bin/../lib/gcc/arm-none-eabi/10.3.1/../../../../arm-none-eabi/lib/thumb/v6-m/nofp\libnosys.a
END GROUP
LOAD c:/vsarm/armcc/10 2021.10/bin/../lib/gcc/arm-none-eabi/10.3.1/thumb/v6-m/nofp/crtend.o
LOAD c:/vsarm/armcc/10 2021.10/bin/../lib/gcc/arm-none-eabi/10.3.1/thumb/v6-m/nofp/crtn.o
OUTPUT(ESD_FINAL.elf elf32-littlearm)
LOAD linker stubs

.ARM.attributes
                0x00000000       0x28
 .ARM.attributes
                0x00000000       0x1e c:/vsarm/armcc/10 2021.10/bin/../lib/gcc/arm-none-eabi/10.3.1/thumb/v6-m/nofp/crti.o
 .ARM.attributes
                0x0000001e       0x2c c:/vsarm/armcc/10 2021.10/bin/../lib/gcc/arm-none-eabi/10.3.1/thumb/v6-m/nofp/crtbegin.o
 .ARM.attributes
                0x0000004a       0x2c CMakeFiles/ESD_FINAL.dir/main.c.obj
 .ARM.attributes
                0x00000076       0x2c CMakeFiles/ESD_FINAL.dir/i2c_code.c.obj
 .ARM.attributes
                0x000000a2       0x2c CMakeFiles/ESD_FINAL.dir/lidar.c.obj
 .ARM.attributes
                0x000000ce       0x2c CMakeFiles/ESD_FINAL.dir/spi_code.c.obj
 .ARM.attributes
                0x000000fa       0x2c CMakeFiles/ESD_FINAL.dir/oled.c.obj
 .ARM.attributes